------------------------------------------------------------
Timing Analyzer Summary
------------------------------------------------------------

Type  : Slow 1200mV 85C Model Setup 'clk'
Slack : -50.297
TNS   : -646.278

Type  : Slow 1200mV 85C Model Setup 'clk_in'
Slack : -0.996
TNS   : -1.974

Type  : Slow 1200mV 85C Model Hold 'clk'
Slack : 0.454
TNS   : 0.000

Type  : Slow 1200mV 85C Model Hold 'clk_in'
Slack : 0.801
TNS   : 0.000

Type  : Slow 1200mV 85C Model Minimum Pulse Width 'clk_in'
Slack : -3.000
TNS   : -5.974

Type  : Slow 1200mV 85C Model Minimum Pulse Width 'clk'
Slack : -1.487
TNS   : -89.220

Type  : Slow 1200mV 0C Model Setup 'clk'
Slack : -46.152
TNS   : -595.612

Type  : Slow 1200mV 0C Model Setup 'clk_in'
Slack : -0.932
TNS   : -1.823

Type  : Slow 1200mV 0C Model Hold 'clk'
Slack : 0.403
TNS   : 0.000

Type  : Slow 1200mV 0C Model Hold 'clk_in'
Slack : 0.777
TNS   : 0.000

Type  : Slow 1200mV 0C Model Minimum Pulse Width 'clk_in'
Slack : -3.000
TNS   : -5.974

Type  : Slow 1200mV 0C Model Minimum Pulse Width 'clk'
Slack : -1.487
TNS   : -89.220

Type  : Fast 1200mV 0C Model Setup 'clk'
Slack : -20.354
TNS   : -237.070

Type  : Fast 1200mV 0C Model Setup 'clk_in'
Slack : -0.077
TNS   : -0.118

Type  : Fast 1200mV 0C Model Hold 'clk'
Slack : 0.184
TNS   : 0.000

Type  : Fast 1200mV 0C Model Hold 'clk_in'
Slack : 0.286
TNS   : 0.000

Type  : Fast 1200mV 0C Model Minimum Pulse Width 'clk_in'
Slack : -3.000
TNS   : -5.128

Type  : Fast 1200mV 0C Model Minimum Pulse Width 'clk'
Slack : -1.000
TNS   : -60.000

------------------------------------------------------------
