Archive member included to satisfy reference by file (symbol)

/usr/local/Cellar/arm-none-eabi-gcc/10.3-2021.07/gcc/bin/../lib/gcc/arm-none-eabi/10.3.1/thumb/v6-m/nofp/libgcc.a(_udivsi3.o)
                              CMakeFiles/auo-spihost.elf.dir/Core/Src/system_stm32f0xx.c.obj (__aeabi_uidiv)
/usr/local/Cellar/arm-none-eabi-gcc/10.3-2021.07/gcc/bin/../lib/gcc/arm-none-eabi/10.3.1/thumb/v6-m/nofp/libgcc.a(_dvmd_tls.o)
                              /usr/local/Cellar/arm-none-eabi-gcc/10.3-2021.07/gcc/bin/../lib/gcc/arm-none-eabi/10.3.1/thumb/v6-m/nofp/libgcc.a(_udivsi3.o) (__aeabi_idiv0)
/usr/local/Cellar/arm-none-eabi-gcc/10.3-2021.07/gcc/bin/../lib/gcc/arm-none-eabi/10.3.1/../../../../arm-none-eabi/lib/thumb/v6-m/nofp/libg.a(lib_a-errno.o)
                              CMakeFiles/auo-spihost.elf.dir/Core/Src/syscalls.c.obj (__errno)
/usr/local/Cellar/arm-none-eabi-gcc/10.3-2021.07/gcc/bin/../lib/gcc/arm-none-eabi/10.3.1/../../../../arm-none-eabi/lib/thumb/v6-m/nofp/libg.a(lib_a-exit.o)
                              /usr/local/Cellar/arm-none-eabi-gcc/10.3-2021.07/gcc/bin/../lib/gcc/arm-none-eabi/10.3.1/../../../../arm-none-eabi/lib/thumb/v6-m/nofp/crt0.o (exit)
/usr/local/Cellar/arm-none-eabi-gcc/10.3-2021.07/gcc/bin/../lib/gcc/arm-none-eabi/10.3.1/../../../../arm-none-eabi/lib/thumb/v6-m/nofp/libg.a(lib_a-impure.o)
                              /usr/local/Cellar/arm-none-eabi-gcc/10.3-2021.07/gcc/bin/../lib/gcc/arm-none-eabi/10.3.1/../../../../arm-none-eabi/lib/thumb/v6-m/nofp/libg.a(lib_a-exit.o) (_global_impure_ptr)
/usr/local/Cellar/arm-none-eabi-gcc/10.3-2021.07/gcc/bin/../lib/gcc/arm-none-eabi/10.3.1/../../../../arm-none-eabi/lib/thumb/v6-m/nofp/libg.a(lib_a-init.o)
                              /usr/local/Cellar/arm-none-eabi-gcc/10.3-2021.07/gcc/bin/../lib/gcc/arm-none-eabi/10.3.1/../../../../arm-none-eabi/lib/thumb/v6-m/nofp/crt0.o (__libc_init_array)
/usr/local/Cellar/arm-none-eabi-gcc/10.3-2021.07/gcc/bin/../lib/gcc/arm-none-eabi/10.3.1/../../../../arm-none-eabi/lib/thumb/v6-m/nofp/libg.a(lib_a-memset.o)
                              /usr/local/Cellar/arm-none-eabi-gcc/10.3-2021.07/gcc/bin/../lib/gcc/arm-none-eabi/10.3.1/../../../../arm-none-eabi/lib/thumb/v6-m/nofp/crt0.o (memset)
/usr/local/Cellar/arm-none-eabi-gcc/10.3-2021.07/gcc/bin/../lib/gcc/arm-none-eabi/10.3.1/../../../../arm-none-eabi/lib/thumb/v6-m/nofp/libg.a(lib_a-__call_atexit.o)
                              /usr/local/Cellar/arm-none-eabi-gcc/10.3-2021.07/gcc/bin/../lib/gcc/arm-none-eabi/10.3.1/../../../../arm-none-eabi/lib/thumb/v6-m/nofp/libg.a(lib_a-exit.o) (__call_exitprocs)
/usr/local/Cellar/arm-none-eabi-gcc/10.3-2021.07/gcc/bin/../lib/gcc/arm-none-eabi/10.3.1/../../../../arm-none-eabi/lib/thumb/v6-m/nofp/libg.a(lib_a-atexit.o)
                              /usr/local/Cellar/arm-none-eabi-gcc/10.3-2021.07/gcc/bin/../lib/gcc/arm-none-eabi/10.3.1/../../../../arm-none-eabi/lib/thumb/v6-m/nofp/libg.a(lib_a-__call_atexit.o) (atexit)
/usr/local/Cellar/arm-none-eabi-gcc/10.3-2021.07/gcc/bin/../lib/gcc/arm-none-eabi/10.3.1/../../../../arm-none-eabi/lib/thumb/v6-m/nofp/libg.a(lib_a-fini.o)
                              /usr/local/Cellar/arm-none-eabi-gcc/10.3-2021.07/gcc/bin/../lib/gcc/arm-none-eabi/10.3.1/../../../../arm-none-eabi/lib/thumb/v6-m/nofp/libg.a(lib_a-__call_atexit.o) (__libc_fini_array)
/usr/local/Cellar/arm-none-eabi-gcc/10.3-2021.07/gcc/bin/../lib/gcc/arm-none-eabi/10.3.1/../../../../arm-none-eabi/lib/thumb/v6-m/nofp/libg.a(lib_a-lock.o)
                              /usr/local/Cellar/arm-none-eabi-gcc/10.3-2021.07/gcc/bin/../lib/gcc/arm-none-eabi/10.3.1/../../../../arm-none-eabi/lib/thumb/v6-m/nofp/libg.a(lib_a-__call_atexit.o) (__retarget_lock_acquire_recursive)
/usr/local/Cellar/arm-none-eabi-gcc/10.3-2021.07/gcc/bin/../lib/gcc/arm-none-eabi/10.3.1/../../../../arm-none-eabi/lib/thumb/v6-m/nofp/libg.a(lib_a-__atexit.o)
                              /usr/local/Cellar/arm-none-eabi-gcc/10.3-2021.07/gcc/bin/../lib/gcc/arm-none-eabi/10.3.1/../../../../arm-none-eabi/lib/thumb/v6-m/nofp/libg.a(lib_a-atexit.o) (__register_exitproc)

Discarded input sections

 .text          0x0000000000000000        0x0 /usr/local/Cellar/arm-none-eabi-gcc/10.3-2021.07/gcc/bin/../lib/gcc/arm-none-eabi/10.3.1/thumb/v6-m/nofp/crti.o
 .data          0x0000000000000000        0x0 /usr/local/Cellar/arm-none-eabi-gcc/10.3-2021.07/gcc/bin/../lib/gcc/arm-none-eabi/10.3.1/thumb/v6-m/nofp/crti.o
 .bss           0x0000000000000000        0x0 /usr/local/Cellar/arm-none-eabi-gcc/10.3-2021.07/gcc/bin/../lib/gcc/arm-none-eabi/10.3.1/thumb/v6-m/nofp/crti.o
 .data          0x0000000000000000        0x4 /usr/local/Cellar/arm-none-eabi-gcc/10.3-2021.07/gcc/bin/../lib/gcc/arm-none-eabi/10.3.1/thumb/v6-m/nofp/crtbegin.o
 .rodata        0x0000000000000000       0x24 /usr/local/Cellar/arm-none-eabi-gcc/10.3-2021.07/gcc/bin/../lib/gcc/arm-none-eabi/10.3.1/thumb/v6-m/nofp/crtbegin.o
[...]
Memory Configuration

Name             Origin             Length             Attributes
RAM              0x0000000020000000 0x0000000000001000 xrw
FLASH            0x0000000008000000 0x0000000000008000 xr
*default*        0x0000000000000000 0xffffffffffffffff

Linker script and memory map

LOAD /usr/local/Cellar/arm-none-eabi-gcc/10.3-2021.07/gcc/bin/../lib/gcc/arm-none-eabi/10.3.1/thumb/v6-m/nofp/crti.o
LOAD /usr/local/Cellar/arm-none-eabi-gcc/10.3-2021.07/gcc/bin/../lib/gcc/arm-none-eabi/10.3.1/thumb/v6-m/nofp/crtbegin.o
LOAD /usr/local/Cellar/arm-none-eabi-gcc/10.3-2021.07/gcc/bin/../lib/gcc/arm-none-eabi/10.3.1/../../../../arm-none-eabi/lib/thumb/v6-m/nofp/crt0.o
LOAD CMakeFiles/auo-spihost.elf.dir/Core/Src/gpio.c.obj
LOAD CMakeFiles/auo-spihost.elf.dir/Core/Src/main.c.obj
LOAD CMakeFiles/auo-spihost.elf.dir/Core/Src/spi.c.obj
LOAD CMakeFiles/auo-spihost.elf.dir/Core/Src/stm32f0xx_hal_msp.c.obj
LOAD CMakeFiles/auo-spihost.elf.dir/Core/Src/stm32f0xx_it.c.obj
LOAD CMakeFiles/auo-spihost.elf.dir/Core/Src/syscalls.c.obj
LOAD CMakeFiles/auo-spihost.elf.dir/Core/Src/sysmem.c.obj
LOAD CMakeFiles/auo-spihost.elf.dir/Core/Src/system_stm32f0xx.c.obj
LOAD CMakeFiles/auo-spihost.elf.dir/Core/Startup/startup_stm32f030k6tx.s.obj
LOAD CMakeFiles/auo-spihost.elf.dir/Drivers/STM32F0xx_HAL_Driver/Src/stm32f0xx_hal.c.obj
LOAD CMakeFiles/auo-spihost.elf.dir/Drivers/STM32F0xx_HAL_Driver/Src/stm32f0xx_hal_cortex.c.obj
LOAD CMakeFiles/auo-spihost.elf.dir/Drivers/STM32F0xx_HAL_Driver/Src/stm32f0xx_hal_dma.c.obj
LOAD CMakeFiles/auo-spihost.elf.dir/Drivers/STM32F0xx_HAL_Driver/Src/stm32f0xx_hal_exti.c.obj
LOAD CMakeFiles/auo-spihost.elf.dir/Drivers/STM32F0xx_HAL_Driver/Src/stm32f0xx_hal_flash.c.obj
LOAD CMakeFiles/auo-spihost.elf.dir/Drivers/STM32F0xx_HAL_Driver/Src/stm32f0xx_hal_flash_ex.c.obj
LOAD CMakeFiles/auo-spihost.elf.dir/Drivers/STM32F0xx_HAL_Driver/Src/stm32f0xx_hal_gpio.c.obj
LOAD CMakeFiles/auo-spihost.elf.dir/Drivers/STM32F0xx_HAL_Driver/Src/stm32f0xx_hal_i2c.c.obj
LOAD CMakeFiles/auo-spihost.elf.dir/Drivers/STM32F0xx_HAL_Driver/Src/stm32f0xx_hal_i2c_ex.c.obj
LOAD CMakeFiles/auo-spihost.elf.dir/Drivers/STM32F0xx_HAL_Driver/Src/stm32f0xx_hal_pwr.c.obj
LOAD CMakeFiles/auo-spihost.elf.dir/Drivers/STM32F0xx_HAL_Driver/Src/stm32f0xx_hal_pwr_ex.c.obj
LOAD CMakeFiles/auo-spihost.elf.dir/Drivers/STM32F0xx_HAL_Driver/Src/stm32f0xx_hal_rcc.c.obj
LOAD CMakeFiles/auo-spihost.elf.dir/Drivers/STM32F0xx_HAL_Driver/Src/stm32f0xx_hal_rcc_ex.c.obj
LOAD CMakeFiles/auo-spihost.elf.dir/Drivers/STM32F0xx_HAL_Driver/Src/stm32f0xx_hal_spi.c.obj
LOAD CMakeFiles/auo-spihost.elf.dir/Drivers/STM32F0xx_HAL_Driver/Src/stm32f0xx_hal_spi_ex.c.obj
LOAD CMakeFiles/auo-spihost.elf.dir/Drivers/STM32F0xx_HAL_Driver/Src/stm32f0xx_hal_tim.c.obj
LOAD CMakeFiles/auo-spihost.elf.dir/Drivers/STM32F0xx_HAL_Driver/Src/stm32f0xx_hal_tim_ex.c.obj
START GROUP
LOAD /usr/local/Cellar/arm-none-eabi-gcc/10.3-2021.07/gcc/bin/../lib/gcc/arm-none-eabi/10.3.1/thumb/v6-m/nofp/libgcc.a
LOAD /usr/local/Cellar/arm-none-eabi-gcc/10.3-2021.07/gcc/bin/../lib/gcc/arm-none-eabi/10.3.1/../../../../arm-none-eabi/lib/thumb/v6-m/nofp/libg.a
LOAD /usr/local/Cellar/arm-none-eabi-gcc/10.3-2021.07/gcc/bin/../lib/gcc/arm-none-eabi/10.3.1/../../../../arm-none-eabi/lib/thumb/v6-m/nofp/libc.a
END GROUP
LOAD /usr/local/Cellar/arm-none-eabi-gcc/10.3-2021.07/gcc/bin/../lib/gcc/arm-none-eabi/10.3.1/thumb/v6-m/nofp/crtend.o
LOAD /usr/local/Cellar/arm-none-eabi-gcc/10.3-2021.07/gcc/bin/../lib/gcc/arm-none-eabi/10.3.1/thumb/v6-m/nofp/crtn.o
                0x0000000020001000                _estack = (ORIGIN (RAM) + LENGTH (RAM))
                0x0000000000000200                _Min_Heap_Size = 0x200
                0x0000000000000400                _Min_Stack_Size = 0x400

.isr_vector     0x0000000008000000       0xc0
                0x0000000008000000                . = ALIGN (0x4)
 *(.isr_vector)
 .isr_vector    0x0000000008000000       0xc0 CMakeFiles/auo-spihost.elf.dir/Core/Startup/startup_stm32f030k6tx.s.obj
                0x0000000008000000                g_pfnVectors
                0x00000000080000c0                . = ALIGN (0x4)

.text           0x00000000080000c0     0x197c
                0x00000000080000c0                . = ALIGN (0x4)
 *(.text)
 .text          0x00000000080000c0       0x48 /usr/local/Cellar/arm-none-eabi-gcc/10.3-2021.07/gcc/bin/../lib/gcc/arm-none-eabi/10.3.1/thumb/v6-m/nofp/crtbegin.o
 .text          0x0000000008000108      0x114 /usr/local/Cellar/arm-none-eabi-gcc/10.3-2021.07/gcc/bin/../lib/gcc/arm-none-eabi/10.3.1/thumb/v6-m/nofp/libgcc.a(_udivsi3.o)
                0x0000000008000108                __udivsi3
                0x0000000008000108                __aeabi_uidiv
                0x0000000008000214                __aeabi_uidivmod
 .text          0x000000000800021c        0x4 /usr/local/Cellar/arm-none-eabi-gcc/10.3-2021.07/gcc/bin/../lib/gcc/arm-none-eabi/10.3.1/thumb/v6-m/nofp/libgcc.a(_dvmd_tls.o)
                0x000000000800021c                __aeabi_ldiv0
                0x000000000800021c                __aeabi_idiv0
 *(.text*)
 .text.MX_GPIO_Init
                0x0000000008000220       0x70 CMakeFiles/auo-spihost.elf.dir/Core/Src/gpio.c.obj
                0x0000000008000220                MX_GPIO_Init
 .text.LCD_SPI_Transfer_Packet
                0x0000000008000290       0x5c CMakeFiles/auo-spihost.elf.dir/Core/Src/main.c.obj
                0x0000000008000290                LCD_SPI_Transfer_Packet
 .text.LCD_Init
                0x00000000080002ec       0x24 CMakeFiles/auo-spihost.elf.dir/Core/Src/main.c.obj
                0x00000000080002ec                LCD_Init
 .text.Error_Handler
                0x0000000008000310        0x4 CMakeFiles/auo-spihost.elf.dir/Core/Src/main.c.obj
                0x0000000008000310                Error_Handler
 .text.SystemClock_Config
                0x0000000008000314       0x5c CMakeFiles/auo-spihost.elf.dir/Core/Src/main.c.obj
                0x0000000008000314                SystemClock_Config
 .text.main     0x0000000008000370       0x98 CMakeFiles/auo-spihost.elf.dir/Core/Src/main.c.obj
                0x0000000008000370                main
 .text.MX_SPI1_Init
                0x0000000008000408       0x50 CMakeFiles/auo-spihost.elf.dir/Core/Src/spi.c.obj
                0x0000000008000408                MX_SPI1_Init
 .text.HAL_SPI_MspInit
                0x0000000008000458       0x64 CMakeFiles/auo-spihost.elf.dir/Core/Src/spi.c.obj
                0x0000000008000458                HAL_SPI_MspInit
 .text.HAL_MspInit
                0x00000000080004bc       0x30 CMakeFiles/auo-spihost.elf.dir/Core/Src/stm32f0xx_hal_msp.c.obj
                0x00000000080004bc                HAL_MspInit
 .text.NMI_Handler
                0x00000000080004ec        0x2 CMakeFiles/auo-spihost.elf.dir/Core/Src/stm32f0xx_it.c.obj
                0x00000000080004ec                NMI_Handler
 .text.HardFault_Handler
                0x00000000080004ee        0x2 CMakeFiles/auo-spihost.elf.dir/Core/Src/stm32f0xx_it.c.obj
                0x00000000080004ee                HardFault_Handler
 .text.SVC_Handler
                0x00000000080004f0        0x2 CMakeFiles/auo-spihost.elf.dir/Core/Src/stm32f0xx_it.c.obj
                0x00000000080004f0                SVC_Handler
 .text.PendSV_Handler
                0x00000000080004f2        0x2 CMakeFiles/auo-spihost.elf.dir/Core/Src/stm32f0xx_it.c.obj
                0x00000000080004f2                PendSV_Handler
 .text.SysTick_Handler
                0x00000000080004f4        0x8 CMakeFiles/auo-spihost.elf.dir/Core/Src/stm32f0xx_it.c.obj
                0x00000000080004f4                SysTick_Handler
 .text.SystemInit
                0x00000000080004fc        0x2 CMakeFiles/auo-spihost.elf.dir/Core/Src/system_stm32f0xx.c.obj
                0x00000000080004fc                SystemInit
 *fill*         0x00000000080004fe        0x2 
 .text.Reset_Handler
                0x0000000008000500       0x50 CMakeFiles/auo-spihost.elf.dir/Core/Startup/startup_stm32f030k6tx.s.obj
                0x0000000008000500                Reset_Handler
 .text.Default_Handler
                0x0000000008000550        0x2 CMakeFiles/auo-spihost.elf.dir/Core/Startup/startup_stm32f030k6tx.s.obj
                0x0000000008000550                TIM1_BRK_UP_TRG_COM_IRQHandler
                0x0000000008000550                I2C1_IRQHandler
                0x0000000008000550                SPI1_IRQHandler
                0x0000000008000550                EXTI2_3_IRQHandler
                0x0000000008000550                ADC1_IRQHandler
                0x0000000008000550                TIM17_IRQHandler
                0x0000000008000550                RTC_IRQHandler
                0x0000000008000550                TIM16_IRQHandler
                0x0000000008000550                TIM3_IRQHandler
                0x0000000008000550                EXTI4_15_IRQHandler
                0x0000000008000550                RCC_IRQHandler
                0x0000000008000550                DMA1_Channel1_IRQHandler
                0x0000000008000550                Default_Handler
                0x0000000008000550                TIM14_IRQHandler
                0x0000000008000550                DMA1_Channel4_5_IRQHandler
                0x0000000008000550                EXTI0_1_IRQHandler
                0x0000000008000550                WWDG_IRQHandler
                0x0000000008000550                DMA1_Channel2_3_IRQHandler
                0x0000000008000550                FLASH_IRQHandler
                0x0000000008000550                USART1_IRQHandler
                0x0000000008000550                TIM1_CC_IRQHandler
 *fill*         0x0000000008000552        0x2 
 .text.HAL_InitTick
                0x0000000008000554       0x50 CMakeFiles/auo-spihost.elf.dir/Drivers/STM32F0xx_HAL_Driver/Src/stm32f0xx_hal.c.obj
                0x0000000008000554                HAL_InitTick
 .text.HAL_Init
                0x00000000080005a4       0x20 CMakeFiles/auo-spihost.elf.dir/Drivers/STM32F0xx_HAL_Driver/Src/stm32f0xx_hal.c.obj
                0x00000000080005a4                HAL_Init
 .text.HAL_IncTick
                0x00000000080005c4       0x18 CMakeFiles/auo-spihost.elf.dir/Drivers/STM32F0xx_HAL_Driver/Src/stm32f0xx_hal.c.obj
                0x00000000080005c4                HAL_IncTick
 .text.HAL_GetTick
                0x00000000080005dc        0xc CMakeFiles/auo-spihost.elf.dir/Drivers/STM32F0xx_HAL_Driver/Src/stm32f0xx_hal.c.obj
                0x00000000080005dc                HAL_GetTick
 .text.HAL_Delay
                0x00000000080005e8       0x24 CMakeFiles/auo-spihost.elf.dir/Drivers/STM32F0xx_HAL_Driver/Src/stm32f0xx_hal.c.obj
                0x00000000080005e8                HAL_Delay
 .text.HAL_NVIC_SetPriority
                0x000000000800060c       0x60 CMakeFiles/auo-spihost.elf.dir/Drivers/STM32F0xx_HAL_Driver/Src/stm32f0xx_hal_cortex.c.obj
                0x000000000800060c                HAL_NVIC_SetPriority
 .text.HAL_SYSTICK_Config
                0x000000000800066c       0x38 CMakeFiles/auo-spihost.elf.dir/Drivers/STM32F0xx_HAL_Driver/Src/stm32f0xx_hal_cortex.c.obj
                0x000000000800066c                HAL_SYSTICK_Config
 .text.HAL_GPIO_Init
                0x00000000080006a4      0x18c CMakeFiles/auo-spihost.elf.dir/Drivers/STM32F0xx_HAL_Driver/Src/stm32f0xx_hal_gpio.c.obj
                0x00000000080006a4                HAL_GPIO_Init
 .text.HAL_GPIO_WritePin
                0x0000000008000830        0xc CMakeFiles/auo-spihost.elf.dir/Drivers/STM32F0xx_HAL_Driver/Src/stm32f0xx_hal_gpio.c.obj
                0x0000000008000830                HAL_GPIO_WritePin
 .text.HAL_GPIO_TogglePin
                0x000000000800083c       0x10 CMakeFiles/auo-spihost.elf.dir/Drivers/STM32F0xx_HAL_Driver/Src/stm32f0xx_hal_gpio.c.obj
                0x000000000800083c                HAL_GPIO_TogglePin
 .text.HAL_RCC_OscConfig
                0x000000000800084c      0x49c CMakeFiles/auo-spihost.elf.dir/Drivers/STM32F0xx_HAL_Driver/Src/stm32f0xx_hal_rcc.c.obj
                0x000000000800084c                HAL_RCC_OscConfig
 .text.HAL_RCC_GetSysClockFreq
                0x0000000008000ce8       0x70 CMakeFiles/auo-spihost.elf.dir/Drivers/STM32F0xx_HAL_Driver/Src/stm32f0xx_hal_rcc.c.obj
                0x0000000008000ce8                HAL_RCC_GetSysClockFreq
 .text.HAL_RCC_ClockConfig
                0x0000000008000d58      0x134 CMakeFiles/auo-spihost.elf.dir/Drivers/STM32F0xx_HAL_Driver/Src/stm32f0xx_hal_rcc.c.obj
                0x0000000008000d58                HAL_RCC_ClockConfig
 .text.SPI_WaitFlagStateUntilTimeout
                0x0000000008000e8c       0xe8 CMakeFiles/auo-spihost.elf.dir/Drivers/STM32F0xx_HAL_Driver/Src/stm32f0xx_hal_spi.c.obj
 .text.SPI_WaitFifoStateUntilTimeout
                0x0000000008000f74      0x114 CMakeFiles/auo-spihost.elf.dir/Drivers/STM32F0xx_HAL_Driver/Src/stm32f0xx_hal_spi.c.obj
 .text.SPI_EndRxTxTransaction
                0x0000000008001088       0x68 CMakeFiles/auo-spihost.elf.dir/Drivers/STM32F0xx_HAL_Driver/Src/stm32f0xx_hal_spi.c.obj
 .text.SPI_EndRxTransaction
                0x00000000080010f0       0x90 CMakeFiles/auo-spihost.elf.dir/Drivers/STM32F0xx_HAL_Driver/Src/stm32f0xx_hal_spi.c.obj
 .text.HAL_SPI_Init
                0x0000000008001180      0x104 CMakeFiles/auo-spihost.elf.dir/Drivers/STM32F0xx_HAL_Driver/Src/stm32f0xx_hal_spi.c.obj
                0x0000000008001180                HAL_SPI_Init
 .text.HAL_SPI_Transmit
                0x0000000008001284      0x1b2 CMakeFiles/auo-spihost.elf.dir/Drivers/STM32F0xx_HAL_Driver/Src/stm32f0xx_hal_spi.c.obj
                0x0000000008001284                HAL_SPI_Transmit
 *fill*         0x0000000008001436        0x2 
 .text.HAL_SPI_TransmitReceive
                0x0000000008001438      0x250 CMakeFiles/auo-spihost.elf.dir/Drivers/STM32F0xx_HAL_Driver/Src/stm32f0xx_hal_spi.c.obj
                0x0000000008001438                HAL_SPI_TransmitReceive
 .text.HAL_SPI_Receive
                0x0000000008001688      0x1ac CMakeFiles/auo-spihost.elf.dir/Drivers/STM32F0xx_HAL_Driver/Src/stm32f0xx_hal_spi.c.obj
                0x0000000008001688                HAL_SPI_Receive
 .text.__libc_init_array
                0x0000000008001834       0x44 /usr/local/Cellar/arm-none-eabi-gcc/10.3-2021.07/gcc/bin/../lib/gcc/arm-none-eabi/10.3.1/../../../../arm-none-eabi/lib/thumb/v6-m/nofp/libg.a(lib_a-init.o)
                0x0000000008001834                __libc_init_array
 .text.memset   0x0000000008001878       0xa8 /usr/local/Cellar/arm-none-eabi-gcc/10.3-2021.07/gcc/bin/../lib/gcc/arm-none-eabi/10.3.1/../../../../arm-none-eabi/lib/thumb/v6-m/nofp/libg.a(lib_a-memset.o)
                0x0000000008001878                memset
 .text.startup.register_fini
                0x0000000008001920       0x18 /usr/local/Cellar/arm-none-eabi-gcc/10.3-2021.07/gcc/bin/../lib/gcc/arm-none-eabi/10.3.1/../../../../arm-none-eabi/lib/thumb/v6-m/nofp/libg.a(lib_a-__call_atexit.o)
 .text.atexit   0x0000000008001938       0x10 /usr/local/Cellar/arm-none-eabi-gcc/10.3-2021.07/gcc/bin/../lib/gcc/arm-none-eabi/10.3.1/../../../../arm-none-eabi/lib/thumb/v6-m/nofp/libg.a(lib_a-atexit.o)
                0x0000000008001938                atexit
 .text.__libc_fini_array
                0x0000000008001948       0x28 /usr/local/Cellar/arm-none-eabi-gcc/10.3-2021.07/gcc/bin/../lib/gcc/arm-none-eabi/10.3.1/../../../../arm-none-eabi/lib/thumb/v6-m/nofp/libg.a(lib_a-fini.o)
                0x0000000008001948                __libc_fini_array
 .text.__retarget_lock_acquire_recursive
                0x0000000008001970        0x4 /usr/local/Cellar/arm-none-eabi-gcc/10.3-2021.07/gcc/bin/../lib/gcc/arm-none-eabi/10.3.1/../../../../arm-none-eabi/lib/thumb/v6-m/nofp/libg.a(lib_a-lock.o)
                0x0000000008001970                __retarget_lock_acquire_recursive
 .text.__retarget_lock_release_recursive
                0x0000000008001974        0x4 /usr/local/Cellar/arm-none-eabi-gcc/10.3-2021.07/gcc/bin/../lib/gcc/arm-none-eabi/10.3.1/../../../../arm-none-eabi/lib/thumb/v6-m/nofp/libg.a(lib_a-lock.o)
                0x0000000008001974                __retarget_lock_release_recursive
 .text.__register_exitproc
                0x0000000008001978       0xac /usr/local/Cellar/arm-none-eabi-gcc/10.3-2021.07/gcc/bin/../lib/gcc/arm-none-eabi/10.3.1/../../../../arm-none-eabi/lib/thumb/v6-m/nofp/libg.a(lib_a-__atexit.o)
                0x0000000008001978                __register_exitproc
 *(.glue_7)
 .glue_7        0x0000000008001a24        0x0 linker stubs
 *(.glue_7t)
 .glue_7t       0x0000000008001a24        0x0 linker stubs
 *(.eh_frame)
 .eh_frame      0x0000000008001a24        0x0 /usr/local/Cellar/arm-none-eabi-gcc/10.3-2021.07/gcc/bin/../lib/gcc/arm-none-eabi/10.3.1/thumb/v6-m/nofp/crtbegin.o
 *(.init)
 .init          0x0000000008001a24        0x4 /usr/local/Cellar/arm-none-eabi-gcc/10.3-2021.07/gcc/bin/../lib/gcc/arm-none-eabi/10.3.1/thumb/v6-m/nofp/crti.o
                0x0000000008001a24                _init
 .init          0x0000000008001a28        0x8 /usr/local/Cellar/arm-none-eabi-gcc/10.3-2021.07/gcc/bin/../lib/gcc/arm-none-eabi/10.3.1/thumb/v6-m/nofp/crtn.o
 *(.fini)
 .fini          0x0000000008001a30        0x4 /usr/local/Cellar/arm-none-eabi-gcc/10.3-2021.07/gcc/bin/../lib/gcc/arm-none-eabi/10.3.1/thumb/v6-m/nofp/crti.o
                0x0000000008001a30                _fini
 .fini          0x0000000008001a34        0x8 /usr/local/Cellar/arm-none-eabi-gcc/10.3-2021.07/gcc/bin/../lib/gcc/arm-none-eabi/10.3.1/thumb/v6-m/nofp/crtn.o
                0x0000000008001a3c                . = ALIGN (0x4)
                0x0000000008001a3c                _etext = .

.vfp11_veneer   0x0000000008001a3c        0x0
 .vfp11_veneer  0x0000000008001a3c        0x0 linker stubs

.v4_bx          0x0000000008001a3c        0x0
 .v4_bx         0x0000000008001a3c        0x0 linker stubs

.iplt           0x0000000008001a3c        0x0
 .iplt          0x0000000008001a3c        0x0 /usr/local/Cellar/arm-none-eabi-gcc/10.3-2021.07/gcc/bin/../lib/gcc/arm-none-eabi/10.3.1/thumb/v6-m/nofp/crtbegin.o

.rodata         0x0000000008001a3c       0x3c
                0x0000000008001a3c                . = ALIGN (0x4)
 *(.rodata)
 *(.rodata*)
 .rodata.AHBPrescTable
                0x0000000008001a3c       0x10 CMakeFiles/auo-spihost.elf.dir/Core/Src/system_stm32f0xx.c.obj
                0x0000000008001a3c                AHBPrescTable
 .rodata.HAL_RCC_GetSysClockFreq.str1.4
                0x0000000008001a4c       0x25 CMakeFiles/auo-spihost.elf.dir/Drivers/STM32F0xx_HAL_Driver/Src/stm32f0xx_hal_rcc.c.obj
 *fill*         0x0000000008001a71        0x3 
 .rodata._global_impure_ptr
                0x0000000008001a74        0x4 /usr/local/Cellar/arm-none-eabi-gcc/10.3-2021.07/gcc/bin/../lib/gcc/arm-none-eabi/10.3.1/../../../../arm-none-eabi/lib/thumb/v6-m/nofp/libg.a(lib_a-impure.o)
                0x0000000008001a74                _global_impure_ptr
                0x0000000008001a78                . = ALIGN (0x4)

.rel.dyn        0x0000000008001a78        0x0
 .rel.iplt      0x0000000008001a78        0x0 /usr/local/Cellar/arm-none-eabi-gcc/10.3-2021.07/gcc/bin/../lib/gcc/arm-none-eabi/10.3.1/thumb/v6-m/nofp/crtbegin.o

.ARM.extab      0x0000000008001a78        0x0
                0x0000000008001a78                . = ALIGN (0x4)
 *(.ARM.extab* .gnu.linkonce.armextab.*)
                0x0000000008001a78                . = ALIGN (0x4)

.ARM            0x0000000008001a78        0x0
                0x0000000008001a78                . = ALIGN (0x4)
                0x0000000008001a78                __exidx_start = .
 *(.ARM.exidx*)
                0x0000000008001a78                __exidx_end = .
                0x0000000008001a78                . = ALIGN (0x4)

.preinit_array  0x0000000008001a78        0x0
                0x0000000008001a78                . = ALIGN (0x4)
                0x0000000008001a78                PROVIDE (__preinit_array_start = .)
 *(.preinit_array*)
                0x0000000008001a78                PROVIDE (__preinit_array_end = .)
                0x0000000008001a78                . = ALIGN (0x4)

.init_array     0x0000000008001a78        0x8
                0x0000000008001a78                . = ALIGN (0x4)
                0x0000000008001a78                PROVIDE (__init_array_start = .)
 *(SORT_BY_NAME(.init_array.*))
 .init_array.00000
                0x0000000008001a78        0x4 /usr/local/Cellar/arm-none-eabi-gcc/10.3-2021.07/gcc/bin/../lib/gcc/arm-none-eabi/10.3.1/../../../../arm-none-eabi/lib/thumb/v6-m/nofp/libg.a(lib_a-__call_atexit.o)
 *(.init_array*)
 .init_array    0x0000000008001a7c        0x4 /usr/local/Cellar/arm-none-eabi-gcc/10.3-2021.07/gcc/bin/../lib/gcc/arm-none-eabi/10.3.1/thumb/v6-m/nofp/crtbegin.o
                0x0000000008001a80                PROVIDE (__init_array_end = .)
                0x0000000008001a80                . = ALIGN (0x4)

.fini_array     0x0000000008001a80        0x4
                0x0000000008001a80                . = ALIGN (0x4)
                0x0000000008001a80                PROVIDE (__fini_array_start = .)
 *(SORT_BY_NAME(.fini_array.*))
 *(.fini_array*)
 .fini_array    0x0000000008001a80        0x4 /usr/local/Cellar/arm-none-eabi-gcc/10.3-2021.07/gcc/bin/../lib/gcc/arm-none-eabi/10.3.1/thumb/v6-m/nofp/crtbegin.o
                0x0000000008001a84                PROVIDE (__fini_array_end = .)
                0x0000000008001a84                . = ALIGN (0x4)
                0x0000000008001a84                _sidata = LOADADDR (.data)

.data           0x0000000020000000      0x43c load address 0x0000000008001a84
                0x0000000020000000                . = ALIGN (0x4)
                0x0000000020000000                _sdata = .
 *(.data)
 *(.data*)
 .data.SystemCoreClock
                0x0000000020000000        0x4 CMakeFiles/auo-spihost.elf.dir/Core/Src/system_stm32f0xx.c.obj
                0x0000000020000000                SystemCoreClock
 .data.uwTickFreq
                0x0000000020000004        0x1 CMakeFiles/auo-spihost.elf.dir/Drivers/STM32F0xx_HAL_Driver/Src/stm32f0xx_hal.c.obj
                0x0000000020000004                uwTickFreq
 *fill*         0x0000000020000005        0x3 
 .data.uwTickPrio
                0x0000000020000008        0x4 CMakeFiles/auo-spihost.elf.dir/Drivers/STM32F0xx_HAL_Driver/Src/stm32f0xx_hal.c.obj
                0x0000000020000008                uwTickPrio
 *fill*         0x000000002000000c        0x4 
 .data.impure_data
                0x0000000020000010      0x428 /usr/local/Cellar/arm-none-eabi-gcc/10.3-2021.07/gcc/bin/../lib/gcc/arm-none-eabi/10.3.1/../../../../arm-none-eabi/lib/thumb/v6-m/nofp/libg.a(lib_a-impure.o)
 .data.__atexit_recursive_mutex
                0x0000000020000438        0x4 /usr/local/Cellar/arm-none-eabi-gcc/10.3-2021.07/gcc/bin/../lib/gcc/arm-none-eabi/10.3.1/../../../../arm-none-eabi/lib/thumb/v6-m/nofp/libg.a(lib_a-__call_atexit.o)
                0x0000000020000438                __atexit_recursive_mutex
 *(.RamFunc)
 *(.RamFunc*)
                0x000000002000043c                . = ALIGN (0x4)
                0x000000002000043c                _edata = .

.igot.plt       0x000000002000043c        0x0 load address 0x0000000008001ec0
 .igot.plt      0x000000002000043c        0x0 /usr/local/Cellar/arm-none-eabi-gcc/10.3-2021.07/gcc/bin/../lib/gcc/arm-none-eabi/10.3.1/thumb/v6-m/nofp/crtbegin.o
                0x000000002000043c                . = ALIGN (0x4)

.bss            0x000000002000043c       0x88 load address 0x0000000008001ec0
                0x000000002000043c                _sbss = .
                0x000000002000043c                __bss_start__ = _sbss
 *(.bss)
 .bss           0x000000002000043c       0x1c /usr/local/Cellar/arm-none-eabi-gcc/10.3-2021.07/gcc/bin/../lib/gcc/arm-none-eabi/10.3.1/thumb/v6-m/nofp/crtbegin.o
 *(.bss*)
 .bss.hspi1     0x0000000020000458       0x64 CMakeFiles/auo-spihost.elf.dir/Core/Src/spi.c.obj
                0x0000000020000458                hspi1
 .bss.uwTick    0x00000000200004bc        0x4 CMakeFiles/auo-spihost.elf.dir/Drivers/STM32F0xx_HAL_Driver/Src/stm32f0xx_hal.c.obj
                0x00000000200004bc                uwTick
 .bss.__lock___atexit_recursive_mutex
                0x00000000200004c0        0x1 /usr/local/Cellar/arm-none-eabi-gcc/10.3-2021.07/gcc/bin/../lib/gcc/arm-none-eabi/10.3.1/../../../../arm-none-eabi/lib/thumb/v6-m/nofp/libg.a(lib_a-lock.o)
                0x00000000200004c0                __lock___atexit_recursive_mutex
 *(COMMON)
                0x00000000200004c4                . = ALIGN (0x4)
 *fill*         0x00000000200004c1        0x3 
                0x00000000200004c4                _ebss = .
                0x00000000200004c4                __bss_end__ = _ebss

._user_heap_stack
                0x00000000200004c4      0x604 load address 0x0000000008001ec0
                0x00000000200004c8                . = ALIGN (0x8)
 *fill*         0x00000000200004c4        0x4 
                [!provide]                        PROVIDE (end = .)
                0x00000000200004c8                PROVIDE (_end = .)
                0x00000000200006c8                . = (. + _Min_Heap_Size)
 *fill*         0x00000000200004c8      0x200 
                0x0000000020000ac8                . = (. + _Min_Stack_Size)
 *fill*         0x00000000200006c8      0x400 
                0x0000000020000ac8                . = ALIGN (0x8)

/DISCARD/
 libc.a(*)
 libm.a(*)
 libgcc.a(*)

.ARM.attributes
                0x0000000000000000       0x28
 *(.ARM.attributes)
 .ARM.attributes
                0x0000000000000000       0x1e /usr/local/Cellar/arm-none-eabi-gcc/10.3-2021.07/gcc/bin/../lib/gcc/arm-none-eabi/10.3.1/thumb/v6-m/nofp/crti.o
 .ARM.attributes
                0x000000000000001e       0x2c /usr/local/Cellar/arm-none-eabi-gcc/10.3-2021.07/gcc/bin/../lib/gcc/arm-none-eabi/10.3.1/thumb/v6-m/nofp/crtbegin.o
 .ARM.attributes
                0x000000000000004a       0x2c CMakeFiles/auo-spihost.elf.dir/Core/Src/gpio.c.obj
 .ARM.attributes
                0x0000000000000076       0x2c CMakeFiles/auo-spihost.elf.dir/Core/Src/main.c.obj
 .ARM.attributes
                0x00000000000000a2       0x2c CMakeFiles/auo-spihost.elf.dir/Core/Src/spi.c.obj
 .ARM.attributes
                0x00000000000000ce       0x2c CMakeFiles/auo-spihost.elf.dir/Core/Src/stm32f0xx_hal_msp.c.obj
 .ARM.attributes
                0x00000000000000fa       0x2c CMakeFiles/auo-spihost.elf.dir/Core/Src/stm32f0xx_it.c.obj
 .ARM.attributes
                0x0000000000000126       0x2c CMakeFiles/auo-spihost.elf.dir/Core/Src/system_stm32f0xx.c.obj
 .ARM.attributes
                0x0000000000000152       0x21 CMakeFiles/auo-spihost.elf.dir/Core/Startup/startup_stm32f030k6tx.s.obj
 .ARM.attributes
                0x0000000000000173       0x2c CMakeFiles/auo-spihost.elf.dir/Drivers/STM32F0xx_HAL_Driver/Src/stm32f0xx_hal.c.obj
 .ARM.attributes
                0x000000000000019f       0x2c CMakeFiles/auo-spihost.elf.dir/Drivers/STM32F0xx_HAL_Driver/Src/stm32f0xx_hal_cortex.c.obj
 .ARM.attributes
                0x00000000000001cb       0x2c CMakeFiles/auo-spihost.elf.dir/Drivers/STM32F0xx_HAL_Driver/Src/stm32f0xx_hal_gpio.c.obj
 .ARM.attributes
                0x00000000000001f7       0x2c CMakeFiles/auo-spihost.elf.dir/Drivers/STM32F0xx_HAL_Driver/Src/stm32f0xx_hal_rcc.c.obj
 .ARM.attributes
                0x0000000000000223       0x2c CMakeFiles/auo-spihost.elf.dir/Drivers/STM32F0xx_HAL_Driver/Src/stm32f0xx_hal_spi.c.obj
 .ARM.attributes
                0x000000000000024f       0x1e /usr/local/Cellar/arm-none-eabi-gcc/10.3-2021.07/gcc/bin/../lib/gcc/arm-none-eabi/10.3.1/thumb/v6-m/nofp/libgcc.a(_udivsi3.o)
 .ARM.attributes
                0x000000000000026d       0x1e /usr/local/Cellar/arm-none-eabi-gcc/10.3-2021.07/gcc/bin/../lib/gcc/arm-none-eabi/10.3.1/thumb/v6-m/nofp/libgcc.a(_dvmd_tls.o)
 .ARM.attributes
                0x000000000000028b       0x2c /usr/local/Cellar/arm-none-eabi-gcc/10.3-2021.07/gcc/bin/../lib/gcc/arm-none-eabi/10.3.1/../../../../arm-none-eabi/lib/thumb/v6-m/nofp/libg.a(lib_a-impure.o)
 .ARM.attributes
                0x00000000000002b7       0x2c /usr/local/Cellar/arm-none-eabi-gcc/10.3-2021.07/gcc/bin/../lib/gcc/arm-none-eabi/10.3.1/../../../../arm-none-eabi/lib/thumb/v6-m/nofp/libg.a(lib_a-init.o)
 .ARM.attributes
                0x00000000000002e3       0x2c /usr/local/Cellar/arm-none-eabi-gcc/10.3-2021.07/gcc/bin/../lib/gcc/arm-none-eabi/10.3.1/../../../../arm-none-eabi/lib/thumb/v6-m/nofp/libg.a(lib_a-memset.o)
 .ARM.attributes
                0x000000000000030f       0x2c /usr/local/Cellar/arm-none-eabi-gcc/10.3-2021.07/gcc/bin/../lib/gcc/arm-none-eabi/10.3.1/../../../../arm-none-eabi/lib/thumb/v6-m/nofp/libg.a(lib_a-__call_atexit.o)
 .ARM.attributes
                0x000000000000033b       0x2c /usr/local/Cellar/arm-none-eabi-gcc/10.3-2021.07/gcc/bin/../lib/gcc/arm-none-eabi/10.3.1/../../../../arm-none-eabi/lib/thumb/v6-m/nofp/libg.a(lib_a-atexit.o)
 .ARM.attributes
                0x0000000000000367       0x2c /usr/local/Cellar/arm-none-eabi-gcc/10.3-2021.07/gcc/bin/../lib/gcc/arm-none-eabi/10.3.1/../../../../arm-none-eabi/lib/thumb/v6-m/nofp/libg.a(lib_a-fini.o)
 .ARM.attributes
                0x0000000000000393       0x2c /usr/local/Cellar/arm-none-eabi-gcc/10.3-2021.07/gcc/bin/../lib/gcc/arm-none-eabi/10.3.1/../../../../arm-none-eabi/lib/thumb/v6-m/nofp/libg.a(lib_a-lock.o)
 .ARM.attributes
                0x00000000000003bf       0x2c /usr/local/Cellar/arm-none-eabi-gcc/10.3-2021.07/gcc/bin/../lib/gcc/arm-none-eabi/10.3.1/../../../../arm-none-eabi/lib/thumb/v6-m/nofp/libg.a(lib_a-__atexit.o)
 .ARM.attributes
                0x00000000000003eb       0x1e /usr/local/Cellar/arm-none-eabi-gcc/10.3-2021.07/gcc/bin/../lib/gcc/arm-none-eabi/10.3.1/thumb/v6-m/nofp/crtn.o
OUTPUT(auo-spihost.elf elf32-littlearm)
LOAD linker stubs
LOAD /usr/local/Cellar/arm-none-eabi-gcc/10.3-2021.07/gcc/bin/../lib/gcc/arm-none-eabi/10.3.1/../../../../arm-none-eabi/lib/thumb/v6-m/nofp/libc.a
LOAD /usr/local/Cellar/arm-none-eabi-gcc/10.3-2021.07/gcc/bin/../lib/gcc/arm-none-eabi/10.3.1/../../../../arm-none-eabi/lib/thumb/v6-m/nofp/libm.a
LOAD /usr/local/Cellar/arm-none-eabi-gcc/10.3-2021.07/gcc/bin/../lib/gcc/arm-none-eabi/10.3.1/thumb/v6-m/nofp/libgcc.a

.debug_info     0x0000000000000000     0x5fb2
 .debug_info    0x0000000000000000      0x39b CMakeFiles/auo-spihost.elf.dir/Core/Src/gpio.c.obj
 .debug_info    0x000000000000039b      0xc3e CMakeFiles/auo-spihost.elf.dir/Core/Src/main.c.obj
 .debug_info    0x0000000000000fd9      0x91c CMakeFiles/auo-spihost.elf.dir/Core/Src/spi.c.obj
 .debug_info    0x00000000000018f5      0x1b4 CMakeFiles/auo-spihost.elf.dir/Core/Src/stm32f0xx_hal_msp.c.obj
 .debug_info    0x0000000000001aa9       0xe8 CMakeFiles/auo-spihost.elf.dir/Core/Src/stm32f0xx_it.c.obj
 .debug_info    0x0000000000001b91      0x28b CMakeFiles/auo-spihost.elf.dir/Core/Src/system_stm32f0xx.c.obj
 .debug_info    0x0000000000001e1c       0x22 CMakeFiles/auo-spihost.elf.dir/Core/Startup/startup_stm32f030k6tx.s.obj
 .debug_info    0x0000000000001e3e      0x719 CMakeFiles/auo-spihost.elf.dir/Drivers/STM32F0xx_HAL_Driver/Src/stm32f0xx_hal.c.obj
 .debug_info    0x0000000000002557      0x81c CMakeFiles/auo-spihost.elf.dir/Drivers/STM32F0xx_HAL_Driver/Src/stm32f0xx_hal_cortex.c.obj
 .debug_info    0x0000000000002d73      0x64a CMakeFiles/auo-spihost.elf.dir/Drivers/STM32F0xx_HAL_Driver/Src/stm32f0xx_hal_gpio.c.obj
 .debug_info    0x00000000000033bd      0xa61 CMakeFiles/auo-spihost.elf.dir/Drivers/STM32F0xx_HAL_Driver/Src/stm32f0xx_hal_rcc.c.obj
 .debug_info    0x0000000000003e1e     0x2194 CMakeFiles/auo-spihost.elf.dir/Drivers/STM32F0xx_HAL_Driver/Src/stm32f0xx_hal_spi.c.obj

.debug_abbrev   0x0000000000000000     0x136e
 .debug_abbrev  0x0000000000000000      0x15f CMakeFiles/auo-spihost.elf.dir/Core/Src/gpio.c.obj
 .debug_abbrev  0x000000000000015f      0x245 CMakeFiles/auo-spihost.elf.dir/Core/Src/main.c.obj
 .debug_abbrev  0x00000000000003a4      0x1e4 CMakeFiles/auo-spihost.elf.dir/Core/Src/spi.c.obj
 .debug_abbrev  0x0000000000000588       0xbf CMakeFiles/auo-spihost.elf.dir/Core/Src/stm32f0xx_hal_msp.c.obj
 .debug_abbrev  0x0000000000000647       0x7e CMakeFiles/auo-spihost.elf.dir/Core/Src/stm32f0xx_it.c.obj
 .debug_abbrev  0x00000000000006c5      0x131 CMakeFiles/auo-spihost.elf.dir/Core/Src/system_stm32f0xx.c.obj
 .debug_abbrev  0x00000000000007f6       0x12 CMakeFiles/auo-spihost.elf.dir/Core/Startup/startup_stm32f030k6tx.s.obj
 .debug_abbrev  0x0000000000000808      0x245 CMakeFiles/auo-spihost.elf.dir/Drivers/STM32F0xx_HAL_Driver/Src/stm32f0xx_hal.c.obj
 .debug_abbrev  0x0000000000000a4d      0x293 CMakeFiles/auo-spihost.elf.dir/Drivers/STM32F0xx_HAL_Driver/Src/stm32f0xx_hal_cortex.c.obj
 .debug_abbrev  0x0000000000000ce0      0x1e6 CMakeFiles/auo-spihost.elf.dir/Drivers/STM32F0xx_HAL_Driver/Src/stm32f0xx_hal_gpio.c.obj
 .debug_abbrev  0x0000000000000ec6      0x260 CMakeFiles/auo-spihost.elf.dir/Drivers/STM32F0xx_HAL_Driver/Src/stm32f0xx_hal_rcc.c.obj
 .debug_abbrev  0x0000000000001126      0x248 CMakeFiles/auo-spihost.elf.dir/Drivers/STM32F0xx_HAL_Driver/Src/stm32f0xx_hal_spi.c.obj

.debug_aranges  0x0000000000000000      0x538
 .debug_aranges
                0x0000000000000000       0x20 CMakeFiles/auo-spihost.elf.dir/Core/Src/gpio.c.obj
 .debug_aranges
                0x0000000000000020       0x40 CMakeFiles/auo-spihost.elf.dir/Core/Src/main.c.obj
 .debug_aranges
                0x0000000000000060       0x30 CMakeFiles/auo-spihost.elf.dir/Core/Src/spi.c.obj
 .debug_aranges
                0x0000000000000090       0x20 CMakeFiles/auo-spihost.elf.dir/Core/Src/stm32f0xx_hal_msp.c.obj
 .debug_aranges
                0x00000000000000b0       0x40 CMakeFiles/auo-spihost.elf.dir/Core/Src/stm32f0xx_it.c.obj
 .debug_aranges
                0x00000000000000f0       0x28 CMakeFiles/auo-spihost.elf.dir/Core/Src/system_stm32f0xx.c.obj
 .debug_aranges
                0x0000000000000118       0x28 CMakeFiles/auo-spihost.elf.dir/Core/Startup/startup_stm32f030k6tx.s.obj
 .debug_aranges
                0x0000000000000140       0xd0 CMakeFiles/auo-spihost.elf.dir/Drivers/STM32F0xx_HAL_Driver/Src/stm32f0xx_hal.c.obj
 .debug_aranges
                0x0000000000000210       0x78 CMakeFiles/auo-spihost.elf.dir/Drivers/STM32F0xx_HAL_Driver/Src/stm32f0xx_hal_cortex.c.obj
 .debug_aranges
                0x0000000000000288       0x58 CMakeFiles/auo-spihost.elf.dir/Drivers/STM32F0xx_HAL_Driver/Src/stm32f0xx_hal_gpio.c.obj
 .debug_aranges
                0x00000000000002e0       0x80 CMakeFiles/auo-spihost.elf.dir/Drivers/STM32F0xx_HAL_Driver/Src/stm32f0xx_hal_rcc.c.obj
 .debug_aranges
                0x0000000000000360      0x1d8 CMakeFiles/auo-spihost.elf.dir/Drivers/STM32F0xx_HAL_Driver/Src/stm32f0xx_hal_spi.c.obj

.debug_ranges   0x0000000000000000      0x4f8
 .debug_ranges  0x0000000000000000       0x10 CMakeFiles/auo-spihost.elf.dir/Core/Src/gpio.c.obj
 .debug_ranges  0x0000000000000010       0x30 CMakeFiles/auo-spihost.elf.dir/Core/Src/main.c.obj
 .debug_ranges  0x0000000000000040       0x20 CMakeFiles/auo-spihost.elf.dir/Core/Src/spi.c.obj
 .debug_ranges  0x0000000000000060       0x10 CMakeFiles/auo-spihost.elf.dir/Core/Src/stm32f0xx_hal_msp.c.obj
 .debug_ranges  0x0000000000000070       0x30 CMakeFiles/auo-spihost.elf.dir/Core/Src/stm32f0xx_it.c.obj
 .debug_ranges  0x00000000000000a0       0x18 CMakeFiles/auo-spihost.elf.dir/Core/Src/system_stm32f0xx.c.obj
 .debug_ranges  0x00000000000000b8       0x20 CMakeFiles/auo-spihost.elf.dir/Core/Startup/startup_stm32f030k6tx.s.obj
 .debug_ranges  0x00000000000000d8       0xc0 CMakeFiles/auo-spihost.elf.dir/Drivers/STM32F0xx_HAL_Driver/Src/stm32f0xx_hal.c.obj
 .debug_ranges  0x0000000000000198       0xc8 CMakeFiles/auo-spihost.elf.dir/Drivers/STM32F0xx_HAL_Driver/Src/stm32f0xx_hal_cortex.c.obj
 .debug_ranges  0x0000000000000260       0x48 CMakeFiles/auo-spihost.elf.dir/Drivers/STM32F0xx_HAL_Driver/Src/stm32f0xx_hal_gpio.c.obj
 .debug_ranges  0x00000000000002a8       0x88 CMakeFiles/auo-spihost.elf.dir/Drivers/STM32F0xx_HAL_Driver/Src/stm32f0xx_hal_rcc.c.obj
 .debug_ranges  0x0000000000000330      0x1c8 CMakeFiles/auo-spihost.elf.dir/Drivers/STM32F0xx_HAL_Driver/Src/stm32f0xx_hal_spi.c.obj

.debug_line     0x0000000000000000     0x5a06
 .debug_line    0x0000000000000000      0x292 CMakeFiles/auo-spihost.elf.dir/Core/Src/gpio.c.obj
 .debug_line    0x0000000000000292      0x4fb CMakeFiles/auo-spihost.elf.dir/Core/Src/main.c.obj
 .debug_line    0x000000000000078d      0x411 CMakeFiles/auo-spihost.elf.dir/Core/Src/spi.c.obj
 .debug_line    0x0000000000000b9e      0x1e9 CMakeFiles/auo-spihost.elf.dir/Core/Src/stm32f0xx_hal_msp.c.obj
 .debug_line    0x0000000000000d87      0x17f CMakeFiles/auo-spihost.elf.dir/Core/Src/stm32f0xx_it.c.obj
 .debug_line    0x0000000000000f06      0x2a1 CMakeFiles/auo-spihost.elf.dir/Core/Src/system_stm32f0xx.c.obj
 .debug_line    0x00000000000011a7       0xcb CMakeFiles/auo-spihost.elf.dir/Core/Startup/startup_stm32f030k6tx.s.obj
 .debug_line    0x0000000000001272      0x60c CMakeFiles/auo-spihost.elf.dir/Drivers/STM32F0xx_HAL_Driver/Src/stm32f0xx_hal.c.obj
 .debug_line    0x000000000000187e      0x5d3 CMakeFiles/auo-spihost.elf.dir/Drivers/STM32F0xx_HAL_Driver/Src/stm32f0xx_hal_cortex.c.obj
 .debug_line    0x0000000000001e51      0x720 CMakeFiles/auo-spihost.elf.dir/Drivers/STM32F0xx_HAL_Driver/Src/stm32f0xx_hal_gpio.c.obj
 .debug_line    0x0000000000002571      0xc24 CMakeFiles/auo-spihost.elf.dir/Drivers/STM32F0xx_HAL_Driver/Src/stm32f0xx_hal_rcc.c.obj
 .debug_line    0x0000000000003195     0x2871 CMakeFiles/auo-spihost.elf.dir/Drivers/STM32F0xx_HAL_Driver/Src/stm32f0xx_hal_spi.c.obj

.debug_str      0x0000000000000000     0x1c54
 .debug_str     0x0000000000000000      0x2fa CMakeFiles/auo-spihost.elf.dir/Core/Src/gpio.c.obj
                                        0x351 (size before relaxing)
 .debug_str     0x00000000000002fa      0x60a CMakeFiles/auo-spihost.elf.dir/Core/Src/main.c.obj
                                        0x8b4 (size before relaxing)
 .debug_str     0x0000000000000904       0x9d CMakeFiles/auo-spihost.elf.dir/Core/Src/spi.c.obj
                                        0x77a (size before relaxing)
 .debug_str     0x00000000000009a1       0x6e CMakeFiles/auo-spihost.elf.dir/Core/Src/stm32f0xx_hal_msp.c.obj
                                        0x288 (size before relaxing)
 .debug_str     0x0000000000000a0f       0xb2 CMakeFiles/auo-spihost.elf.dir/Core/Src/stm32f0xx_it.c.obj
                                        0x25e (size before relaxing)
 .debug_str     0x0000000000000ac1       0xdb CMakeFiles/auo-spihost.elf.dir/Core/Src/system_stm32f0xx.c.obj
                                        0x300 (size before relaxing)
 .debug_str     0x0000000000000b9c       0x78 CMakeFiles/auo-spihost.elf.dir/Core/Startup/startup_stm32f030k6tx.s.obj
                                         0xcf (size before relaxing)
 .debug_str     0x0000000000000c14      0x451 CMakeFiles/auo-spihost.elf.dir/Drivers/STM32F0xx_HAL_Driver/Src/stm32f0xx_hal.c.obj
                                        0x6f4 (size before relaxing)
 .debug_str     0x0000000000001065      0x2d7 CMakeFiles/auo-spihost.elf.dir/Drivers/STM32F0xx_HAL_Driver/Src/stm32f0xx_hal_cortex.c.obj
                                        0x63f (size before relaxing)
 .debug_str     0x000000000000133c      0x145 CMakeFiles/auo-spihost.elf.dir/Drivers/STM32F0xx_HAL_Driver/Src/stm32f0xx_hal_gpio.c.obj
                                        0x483 (size before relaxing)
 .debug_str     0x0000000000001481      0x218 CMakeFiles/auo-spihost.elf.dir/Drivers/STM32F0xx_HAL_Driver/Src/stm32f0xx_hal_rcc.c.obj
                                        0x6e4 (size before relaxing)
 .debug_str     0x0000000000001699      0x5bb CMakeFiles/auo-spihost.elf.dir/Drivers/STM32F0xx_HAL_Driver/Src/stm32f0xx_hal_spi.c.obj
                                        0xc51 (size before relaxing)

.comment        0x0000000000000000       0x49
 .comment       0x0000000000000000       0x49 CMakeFiles/auo-spihost.elf.dir/Core/Src/gpio.c.obj
                                         0x4a (size before relaxing)
 .comment       0x0000000000000049       0x4a CMakeFiles/auo-spihost.elf.dir/Core/Src/main.c.obj
 .comment       0x0000000000000049       0x4a CMakeFiles/auo-spihost.elf.dir/Core/Src/spi.c.obj
 .comment       0x0000000000000049       0x4a CMakeFiles/auo-spihost.elf.dir/Core/Src/stm32f0xx_hal_msp.c.obj
 .comment       0x0000000000000049       0x4a CMakeFiles/auo-spihost.elf.dir/Core/Src/stm32f0xx_it.c.obj
 .comment       0x0000000000000049       0x4a CMakeFiles/auo-spihost.elf.dir/Core/Src/system_stm32f0xx.c.obj
 .comment       0x0000000000000049       0x4a CMakeFiles/auo-spihost.elf.dir/Drivers/STM32F0xx_HAL_Driver/Src/stm32f0xx_hal.c.obj
 .comment       0x0000000000000049       0x4a CMakeFiles/auo-spihost.elf.dir/Drivers/STM32F0xx_HAL_Driver/Src/stm32f0xx_hal_cortex.c.obj
 .comment       0x0000000000000049       0x4a CMakeFiles/auo-spihost.elf.dir/Drivers/STM32F0xx_HAL_Driver/Src/stm32f0xx_hal_gpio.c.obj
 .comment       0x0000000000000049       0x4a CMakeFiles/auo-spihost.elf.dir/Drivers/STM32F0xx_HAL_Driver/Src/stm32f0xx_hal_rcc.c.obj
 .comment       0x0000000000000049       0x4a CMakeFiles/auo-spihost.elf.dir/Drivers/STM32F0xx_HAL_Driver/Src/stm32f0xx_hal_spi.c.obj

.debug_frame    0x0000000000000000      0xe1c
 .debug_frame   0x0000000000000000       0x2c CMakeFiles/auo-spihost.elf.dir/Core/Src/gpio.c.obj
 .debug_frame   0x000000000000002c       0x90 CMakeFiles/auo-spihost.elf.dir/Core/Src/main.c.obj
 .debug_frame   0x00000000000000bc       0x5c CMakeFiles/auo-spihost.elf.dir/Core/Src/spi.c.obj
 .debug_frame   0x0000000000000118       0x24 CMakeFiles/auo-spihost.elf.dir/Core/Src/stm32f0xx_hal_msp.c.obj
 .debug_frame   0x000000000000013c       0x68 CMakeFiles/auo-spihost.elf.dir/Core/Src/stm32f0xx_it.c.obj
 .debug_frame   0x00000000000001a4       0x38 CMakeFiles/auo-spihost.elf.dir/Core/Src/system_stm32f0xx.c.obj
 .debug_frame   0x00000000000001dc      0x1ac CMakeFiles/auo-spihost.elf.dir/Drivers/STM32F0xx_HAL_Driver/Src/stm32f0xx_hal.c.obj
 .debug_frame   0x0000000000000388       0xe4 CMakeFiles/auo-spihost.elf.dir/Drivers/STM32F0xx_HAL_Driver/Src/stm32f0xx_hal_cortex.c.obj
 .debug_frame   0x000000000000046c       0xc0 CMakeFiles/auo-spihost.elf.dir/Drivers/STM32F0xx_HAL_Driver/Src/stm32f0xx_hal_gpio.c.obj
 .debug_frame   0x000000000000052c      0x13c CMakeFiles/auo-spihost.elf.dir/Drivers/STM32F0xx_HAL_Driver/Src/stm32f0xx_hal_rcc.c.obj
 .debug_frame   0x0000000000000668      0x5a4 CMakeFiles/auo-spihost.elf.dir/Drivers/STM32F0xx_HAL_Driver/Src/stm32f0xx_hal_spi.c.obj
 .debug_frame   0x0000000000000c0c       0x20 /usr/local/Cellar/arm-none-eabi-gcc/10.3-2021.07/gcc/bin/../lib/gcc/arm-none-eabi/10.3.1/thumb/v6-m/nofp/libgcc.a(_udivsi3.o)
 .debug_frame   0x0000000000000c2c       0x2c /usr/local/Cellar/arm-none-eabi-gcc/10.3-2021.07/gcc/bin/../lib/gcc/arm-none-eabi/10.3.1/../../../../arm-none-eabi/lib/thumb/v6-m/nofp/libg.a(lib_a-init.o)
 .debug_frame   0x0000000000000c58       0x30 /usr/local/Cellar/arm-none-eabi-gcc/10.3-2021.07/gcc/bin/../lib/gcc/arm-none-eabi/10.3.1/../../../../arm-none-eabi/lib/thumb/v6-m/nofp/libg.a(lib_a-memset.o)
 .debug_frame   0x0000000000000c88       0x54 /usr/local/Cellar/arm-none-eabi-gcc/10.3-2021.07/gcc/bin/../lib/gcc/arm-none-eabi/10.3.1/../../../../arm-none-eabi/lib/thumb/v6-m/nofp/libg.a(lib_a-__call_atexit.o)
 .debug_frame   0x0000000000000cdc       0x28 /usr/local/Cellar/arm-none-eabi-gcc/10.3-2021.07/gcc/bin/../lib/gcc/arm-none-eabi/10.3.1/../../../../arm-none-eabi/lib/thumb/v6-m/nofp/libg.a(lib_a-atexit.o)
 .debug_frame   0x0000000000000d04       0x2c /usr/local/Cellar/arm-none-eabi-gcc/10.3-2021.07/gcc/bin/../lib/gcc/arm-none-eabi/10.3.1/../../../../arm-none-eabi/lib/thumb/v6-m/nofp/libg.a(lib_a-fini.o)
 .debug_frame   0x0000000000000d30       0xb0 /usr/local/Cellar/arm-none-eabi-gcc/10.3-2021.07/gcc/bin/../lib/gcc/arm-none-eabi/10.3.1/../../../../arm-none-eabi/lib/thumb/v6-m/nofp/libg.a(lib_a-lock.o)
 .debug_frame   0x0000000000000de0       0x3c /usr/local/Cellar/arm-none-eabi-gcc/10.3-2021.07/gcc/bin/../lib/gcc/arm-none-eabi/10.3.1/../../../../arm-none-eabi/lib/thumb/v6-m/nofp/libg.a(lib_a-__atexit.o)

.debug_loc      0x0000000000000000     0x312c
 .debug_loc     0x0000000000000000       0x66 CMakeFiles/auo-spihost.elf.dir/Core/Src/main.c.obj
 .debug_loc     0x0000000000000066       0x81 CMakeFiles/auo-spihost.elf.dir/Core/Src/spi.c.obj
 .debug_loc     0x00000000000000e7      0x167 CMakeFiles/auo-spihost.elf.dir/Core/Src/system_stm32f0xx.c.obj
 .debug_loc     0x000000000000024e      0x141 CMakeFiles/auo-spihost.elf.dir/Drivers/STM32F0xx_HAL_Driver/Src/stm32f0xx_hal.c.obj
 .debug_loc     0x000000000000038f      0x433 CMakeFiles/auo-spihost.elf.dir/Drivers/STM32F0xx_HAL_Driver/Src/stm32f0xx_hal_cortex.c.obj
 .debug_loc     0x00000000000007c2      0x388 CMakeFiles/auo-spihost.elf.dir/Drivers/STM32F0xx_HAL_Driver/Src/stm32f0xx_hal_gpio.c.obj
 .debug_loc     0x0000000000000b4a      0x614 CMakeFiles/auo-spihost.elf.dir/Drivers/STM32F0xx_HAL_Driver/Src/stm32f0xx_hal_rcc.c.obj
 .debug_loc     0x000000000000115e     0x1fce CMakeFiles/auo-spihost.elf.dir/Drivers/STM32F0xx_HAL_Driver/Src/stm32f0xx_hal_spi.c.obj
