Archive member included to satisfy reference by file (symbol)

/usr/local/Cellar/arm-none-eabi-gcc/10.3-2021.07/gcc/bin/../lib/gcc/arm-none-eabi/10.3.1/thumb/v7e-m/nofp/libgcc.a(_arm_muldf3.o)
                              CMakeFiles/lg-h7b0-ltdc.elf.dir/Core/Src/main.c.obj (__aeabi_dmul)
/usr/local/Cellar/arm-none-eabi-gcc/10.3-2021.07/gcc/bin/../lib/gcc/arm-none-eabi/10.3.1/thumb/v7e-m/nofp/libgcc.a(_arm_mulsf3.o)
                              CMakeFiles/lg-h7b0-ltdc.elf.dir/Core/Src/main.c.obj (__aeabi_fmul)
/usr/local/Cellar/arm-none-eabi-gcc/10.3-2021.07/gcc/bin/../lib/gcc/arm-none-eabi/10.3.1/thumb/v7e-m/nofp/libgcc.a(_arm_addsubdf3.o)
                              CMakeFiles/lg-h7b0-ltdc.elf.dir/Core/Src/main.c.obj (__aeabi_i2d)
/usr/local/Cellar/arm-none-eabi-gcc/10.3-2021.07/gcc/bin/../lib/gcc/arm-none-eabi/10.3.1/thumb/v7e-m/nofp/libgcc.a(_arm_muldivdf3.o)
                              CMakeFiles/lg-h7b0-ltdc.elf.dir/Core/Src/main.c.obj (__aeabi_ddiv)
/usr/local/Cellar/arm-none-eabi-gcc/10.3-2021.07/gcc/bin/../lib/gcc/arm-none-eabi/10.3.1/thumb/v7e-m/nofp/libgcc.a(_arm_fixdfsi.o)
                              CMakeFiles/lg-h7b0-ltdc.elf.dir/Core/Src/main.c.obj (__aeabi_d2iz)
/usr/local/Cellar/arm-none-eabi-gcc/10.3-2021.07/gcc/bin/../lib/gcc/arm-none-eabi/10.3.1/thumb/v7e-m/nofp/libgcc.a(_arm_truncdfsf2.o)
                              CMakeFiles/lg-h7b0-ltdc.elf.dir/Core/Src/main.c.obj (__aeabi_d2f)
/usr/local/Cellar/arm-none-eabi-gcc/10.3-2021.07/gcc/bin/../lib/gcc/arm-none-eabi/10.3.1/thumb/v7e-m/nofp/libgcc.a(_arm_addsubsf3.o)
                              CMakeFiles/lg-h7b0-ltdc.elf.dir/Core/Src/main.c.obj (__aeabi_fsub)
/usr/local/Cellar/arm-none-eabi-gcc/10.3-2021.07/gcc/bin/../lib/gcc/arm-none-eabi/10.3.1/thumb/v7e-m/nofp/libgcc.a(_arm_muldivsf3.o)
                              CMakeFiles/lg-h7b0-ltdc.elf.dir/Core/Src/main.c.obj (__aeabi_fdiv)
/usr/local/Cellar/arm-none-eabi-gcc/10.3-2021.07/gcc/bin/../lib/gcc/arm-none-eabi/10.3.1/thumb/v7e-m/nofp/libgcc.a(_arm_cmpsf2.o)
                              CMakeFiles/lg-h7b0-ltdc.elf.dir/Core/Src/main.c.obj (__aeabi_fcmplt)
/usr/local/Cellar/arm-none-eabi-gcc/10.3-2021.07/gcc/bin/../lib/gcc/arm-none-eabi/10.3.1/thumb/v7e-m/nofp/libgcc.a(_arm_fixsfsi.o)
                              CMakeFiles/lg-h7b0-ltdc.elf.dir/Core/Src/main.c.obj (__aeabi_f2iz)
/usr/local/Cellar/arm-none-eabi-gcc/10.3-2021.07/gcc/bin/../lib/gcc/arm-none-eabi/10.3.1/thumb/v7e-m/nofp/libgcc.a(_arm_fixunssfsi.o)
                              CMakeFiles/lg-h7b0-ltdc.elf.dir/Core/Src/main.c.obj (__aeabi_f2uiz)
/usr/local/Cellar/arm-none-eabi-gcc/10.3-2021.07/gcc/bin/../lib/gcc/arm-none-eabi/10.3.1/../../../../arm-none-eabi/lib/thumb/v7e-m/nofp/libg.a(lib_a-errno.o)
                              CMakeFiles/lg-h7b0-ltdc.elf.dir/Core/Src/syscalls.c.obj (__errno)
/usr/local/Cellar/arm-none-eabi-gcc/10.3-2021.07/gcc/bin/../lib/gcc/arm-none-eabi/10.3.1/../../../../arm-none-eabi/lib/thumb/v7e-m/nofp/libg.a(lib_a-exit.o)
                              /usr/local/Cellar/arm-none-eabi-gcc/10.3-2021.07/gcc/bin/../lib/gcc/arm-none-eabi/10.3.1/../../../../arm-none-eabi/lib/thumb/v7e-m/nofp/crt0.o (exit)
/usr/local/Cellar/arm-none-eabi-gcc/10.3-2021.07/gcc/bin/../lib/gcc/arm-none-eabi/10.3.1/../../../../arm-none-eabi/lib/thumb/v7e-m/nofp/libg.a(lib_a-impure.o)
                              /usr/local/Cellar/arm-none-eabi-gcc/10.3-2021.07/gcc/bin/../lib/gcc/arm-none-eabi/10.3.1/../../../../arm-none-eabi/lib/thumb/v7e-m/nofp/libg.a(lib_a-exit.o) (_global_impure_ptr)
/usr/local/Cellar/arm-none-eabi-gcc/10.3-2021.07/gcc/bin/../lib/gcc/arm-none-eabi/10.3.1/../../../../arm-none-eabi/lib/thumb/v7e-m/nofp/libg.a(lib_a-init.o)
                              /usr/local/Cellar/arm-none-eabi-gcc/10.3-2021.07/gcc/bin/../lib/gcc/arm-none-eabi/10.3.1/../../../../arm-none-eabi/lib/thumb/v7e-m/nofp/crt0.o (__libc_init_array)
/usr/local/Cellar/arm-none-eabi-gcc/10.3-2021.07/gcc/bin/../lib/gcc/arm-none-eabi/10.3.1/../../../../arm-none-eabi/lib/thumb/v7e-m/nofp/libg.a(lib_a-memcpy.o)
                              CMakeFiles/lg-h7b0-ltdc.elf.dir/Core/Src/main.c.obj (memcpy)
/usr/local/Cellar/arm-none-eabi-gcc/10.3-2021.07/gcc/bin/../lib/gcc/arm-none-eabi/10.3.1/../../../../arm-none-eabi/lib/thumb/v7e-m/nofp/libg.a(lib_a-memset.o)
                              /usr/local/Cellar/arm-none-eabi-gcc/10.3-2021.07/gcc/bin/../lib/gcc/arm-none-eabi/10.3.1/../../../../arm-none-eabi/lib/thumb/v7e-m/nofp/crt0.o (memset)
/usr/local/Cellar/arm-none-eabi-gcc/10.3-2021.07/gcc/bin/../lib/gcc/arm-none-eabi/10.3.1/../../../../arm-none-eabi/lib/thumb/v7e-m/nofp/libg.a(lib_a-__call_atexit.o)
                              /usr/local/Cellar/arm-none-eabi-gcc/10.3-2021.07/gcc/bin/../lib/gcc/arm-none-eabi/10.3.1/../../../../arm-none-eabi/lib/thumb/v7e-m/nofp/libg.a(lib_a-exit.o) (__call_exitprocs)
[...]
Memory Configuration

Name             Origin             Length             Attributes
ITCMRAM          0x0000000000000000 0x0000000000010000 xrw
FLASH            0x0000000008000000 0x0000000000020000 xr
DTCMRAM1         0x0000000020000000 0x0000000000010000 xrw
DTCMRAM2         0x0000000020010000 0x0000000000010000 xrw
RAM              0x0000000024000000 0x0000000000100000 xrw
RAM_CD           0x0000000030000000 0x0000000000020000 xrw
RAM_SRD          0x0000000038000000 0x0000000000008000 xrw
*default*        0x0000000000000000 0xffffffffffffffff

Linker script and memory map

LOAD /usr/local/Cellar/arm-none-eabi-gcc/10.3-2021.07/gcc/bin/../lib/gcc/arm-none-eabi/10.3.1/thumb/v7e-m/nofp/crti.o
LOAD /usr/local/Cellar/arm-none-eabi-gcc/10.3-2021.07/gcc/bin/../lib/gcc/arm-none-eabi/10.3.1/thumb/v7e-m/nofp/crtbegin.o
LOAD /usr/local/Cellar/arm-none-eabi-gcc/10.3-2021.07/gcc/bin/../lib/gcc/arm-none-eabi/10.3.1/../../../../arm-none-eabi/lib/thumb/v7e-m/nofp/crt0.o
LOAD CMakeFiles/lg-h7b0-ltdc.elf.dir/Core/Src/gpio.c.obj
LOAD CMakeFiles/lg-h7b0-ltdc.elf.dir/Core/Src/jpeg.c.obj
LOAD CMakeFiles/lg-h7b0-ltdc.elf.dir/Core/Src/lgb-logo-rbgdata.c.obj
LOAD CMakeFiles/lg-h7b0-ltdc.elf.dir/Core/Src/ltdc.c.obj
LOAD CMakeFiles/lg-h7b0-ltdc.elf.dir/Core/Src/main.c.obj
LOAD CMakeFiles/lg-h7b0-ltdc.elf.dir/Core/Src/spi.c.obj
LOAD CMakeFiles/lg-h7b0-ltdc.elf.dir/Core/Src/stm32h7xx_hal_msp.c.obj
LOAD CMakeFiles/lg-h7b0-ltdc.elf.dir/Core/Src/stm32h7xx_it.c.obj
LOAD CMakeFiles/lg-h7b0-ltdc.elf.dir/Core/Src/syscalls.c.obj
LOAD CMakeFiles/lg-h7b0-ltdc.elf.dir/Core/Src/sysmem.c.obj
LOAD CMakeFiles/lg-h7b0-ltdc.elf.dir/Core/Src/system_stm32h7xx.c.obj
LOAD CMakeFiles/lg-h7b0-ltdc.elf.dir/Core/Src/tim.c.obj
LOAD CMakeFiles/lg-h7b0-ltdc.elf.dir/Core/Startup/startup_stm32h7b0vbtx.s.obj
LOAD CMakeFiles/lg-h7b0-ltdc.elf.dir/Drivers/STM32H7xx_HAL_Driver/Src/stm32h7xx_hal.c.obj
LOAD CMakeFiles/lg-h7b0-ltdc.elf.dir/Drivers/STM32H7xx_HAL_Driver/Src/stm32h7xx_hal_cortex.c.obj
LOAD CMakeFiles/lg-h7b0-ltdc.elf.dir/Drivers/STM32H7xx_HAL_Driver/Src/stm32h7xx_hal_dma.c.obj
LOAD CMakeFiles/lg-h7b0-ltdc.elf.dir/Drivers/STM32H7xx_HAL_Driver/Src/stm32h7xx_hal_dma_ex.c.obj
LOAD CMakeFiles/lg-h7b0-ltdc.elf.dir/Drivers/STM32H7xx_HAL_Driver/Src/stm32h7xx_hal_exti.c.obj
LOAD CMakeFiles/lg-h7b0-ltdc.elf.dir/Drivers/STM32H7xx_HAL_Driver/Src/stm32h7xx_hal_flash.c.obj
LOAD CMakeFiles/lg-h7b0-ltdc.elf.dir/Drivers/STM32H7xx_HAL_Driver/Src/stm32h7xx_hal_flash_ex.c.obj
LOAD CMakeFiles/lg-h7b0-ltdc.elf.dir/Drivers/STM32H7xx_HAL_Driver/Src/stm32h7xx_hal_gpio.c.obj
LOAD CMakeFiles/lg-h7b0-ltdc.elf.dir/Drivers/STM32H7xx_HAL_Driver/Src/stm32h7xx_hal_hsem.c.obj
LOAD CMakeFiles/lg-h7b0-ltdc.elf.dir/Drivers/STM32H7xx_HAL_Driver/Src/stm32h7xx_hal_i2c.c.obj
LOAD CMakeFiles/lg-h7b0-ltdc.elf.dir/Drivers/STM32H7xx_HAL_Driver/Src/stm32h7xx_hal_i2c_ex.c.obj
LOAD CMakeFiles/lg-h7b0-ltdc.elf.dir/Drivers/STM32H7xx_HAL_Driver/Src/stm32h7xx_hal_jpeg.c.obj
LOAD CMakeFiles/lg-h7b0-ltdc.elf.dir/Drivers/STM32H7xx_HAL_Driver/Src/stm32h7xx_hal_ltdc.c.obj
LOAD CMakeFiles/lg-h7b0-ltdc.elf.dir/Drivers/STM32H7xx_HAL_Driver/Src/stm32h7xx_hal_ltdc_ex.c.obj
LOAD CMakeFiles/lg-h7b0-ltdc.elf.dir/Drivers/STM32H7xx_HAL_Driver/Src/stm32h7xx_hal_mdma.c.obj
LOAD CMakeFiles/lg-h7b0-ltdc.elf.dir/Drivers/STM32H7xx_HAL_Driver/Src/stm32h7xx_hal_pwr.c.obj
LOAD CMakeFiles/lg-h7b0-ltdc.elf.dir/Drivers/STM32H7xx_HAL_Driver/Src/stm32h7xx_hal_pwr_ex.c.obj
LOAD CMakeFiles/lg-h7b0-ltdc.elf.dir/Drivers/STM32H7xx_HAL_Driver/Src/stm32h7xx_hal_rcc.c.obj
LOAD CMakeFiles/lg-h7b0-ltdc.elf.dir/Drivers/STM32H7xx_HAL_Driver/Src/stm32h7xx_hal_rcc_ex.c.obj
LOAD CMakeFiles/lg-h7b0-ltdc.elf.dir/Drivers/STM32H7xx_HAL_Driver/Src/stm32h7xx_hal_spi.c.obj
LOAD CMakeFiles/lg-h7b0-ltdc.elf.dir/Drivers/STM32H7xx_HAL_Driver/Src/stm32h7xx_hal_spi_ex.c.obj
LOAD CMakeFiles/lg-h7b0-ltdc.elf.dir/Drivers/STM32H7xx_HAL_Driver/Src/stm32h7xx_hal_tim.c.obj
LOAD CMakeFiles/lg-h7b0-ltdc.elf.dir/Drivers/STM32H7xx_HAL_Driver/Src/stm32h7xx_hal_tim_ex.c.obj
LOAD CMakeFiles/lg-h7b0-ltdc.elf.dir/Utilities/JPEG/jpeg_utils.c.obj
START GROUP
LOAD /usr/local/Cellar/arm-none-eabi-gcc/10.3-2021.07/gcc/bin/../lib/gcc/arm-none-eabi/10.3.1/thumb/v7e-m/nofp/libgcc.a
LOAD /usr/local/Cellar/arm-none-eabi-gcc/10.3-2021.07/gcc/bin/../lib/gcc/arm-none-eabi/10.3.1/../../../../arm-none-eabi/lib/thumb/v7e-m/nofp/libg.a
LOAD /usr/local/Cellar/arm-none-eabi-gcc/10.3-2021.07/gcc/bin/../lib/gcc/arm-none-eabi/10.3.1/../../../../arm-none-eabi/lib/thumb/v7e-m/nofp/libc.a
END GROUP
LOAD /usr/local/Cellar/arm-none-eabi-gcc/10.3-2021.07/gcc/bin/../lib/gcc/arm-none-eabi/10.3.1/thumb/v7e-m/nofp/crtend.o
LOAD /usr/local/Cellar/arm-none-eabi-gcc/10.3-2021.07/gcc/bin/../lib/gcc/arm-none-eabi/10.3.1/thumb/v7e-m/nofp/crtn.o
                0x0000000024100000                _estack = (ORIGIN (RAM) + LENGTH (RAM))
                0x0000000000000200                _Min_Heap_Size = 0x200
                0x0000000000000400                _Min_Stack_Size = 0x400

.isr_vector     0x0000000008000000      0x2ac
                0x0000000008000000                . = ALIGN (0x4)
 *(.isr_vector)
 .isr_vector    0x0000000008000000      0x2ac CMakeFiles/lg-h7b0-ltdc.elf.dir/Core/Startup/startup_stm32h7b0vbtx.s.obj
                0x0000000008000000                g_pfnVectors
                0x00000000080002ac                . = ALIGN (0x4)

.text           0x00000000080002b0     0x6e74
                0x00000000080002b0                . = ALIGN (0x4)
 *(.text)
 .text          0x00000000080002b0       0x40 /usr/local/Cellar/arm-none-eabi-gcc/10.3-2021.07/gcc/bin/../lib/gcc/arm-none-eabi/10.3.1/thumb/v7e-m/nofp/crtbegin.o
 .text          0x00000000080002f0      0x378 /usr/local/Cellar/arm-none-eabi-gcc/10.3-2021.07/gcc/bin/../lib/gcc/arm-none-eabi/10.3.1/thumb/v7e-m/nofp/libgcc.a(_arm_addsubdf3.o)
                0x00000000080002f0                __aeabi_drsub
                0x00000000080002f8                __subdf3
                0x00000000080002f8                __aeabi_dsub
                0x00000000080002fc                __aeabi_dadd
                0x00000000080002fc                __adddf3
                0x0000000008000574                __aeabi_ui2d
                0x0000000008000574                __floatunsidf
                0x0000000008000594                __floatsidf
                0x0000000008000594                __aeabi_i2d
                0x00000000080005b8                __extendsfdf2
                0x00000000080005b8                __aeabi_f2d
                0x00000000080005fc                __aeabi_ul2d
                0x00000000080005fc                __floatundidf
                0x000000000800060c                __aeabi_l2d
                0x000000000800060c                __floatdidf
 .text          0x0000000008000668      0x424 /usr/local/Cellar/arm-none-eabi-gcc/10.3-2021.07/gcc/bin/../lib/gcc/arm-none-eabi/10.3.1/thumb/v7e-m/nofp/libgcc.a(_arm_muldivdf3.o)
                0x0000000008000668                __aeabi_dmul
                0x0000000008000668                __muldf3
                0x00000000080008bc                __aeabi_ddiv
                0x00000000080008bc                __divdf3
 .text          0x0000000008000a8c       0x50 /usr/local/Cellar/arm-none-eabi-gcc/10.3-2021.07/gcc/bin/../lib/gcc/arm-none-eabi/10.3.1/thumb/v7e-m/nofp/libgcc.a(_arm_fixdfsi.o)
                0x0000000008000a8c                __fixdfsi
                0x0000000008000a8c                __aeabi_d2iz
 .text          0x0000000008000adc       0xa0 /usr/local/Cellar/arm-none-eabi-gcc/10.3-2021.07/gcc/bin/../lib/gcc/arm-none-eabi/10.3.1/thumb/v7e-m/nofp/libgcc.a(_arm_truncdfsf2.o)
                0x0000000008000adc                __aeabi_d2f
                0x0000000008000adc                __truncdfsf2
 .text          0x0000000008000b7c      0x21c /usr/local/Cellar/arm-none-eabi-gcc/10.3-2021.07/gcc/bin/../lib/gcc/arm-none-eabi/10.3.1/thumb/v7e-m/nofp/libgcc.a(_arm_addsubsf3.o)
                0x0000000008000b7c                __aeabi_frsub
                0x0000000008000b84                __aeabi_fsub
                0x0000000008000b84                __subsf3
                0x0000000008000b88                __aeabi_fadd
                0x0000000008000b88                __addsf3
                0x0000000008000ce8                __aeabi_ui2f
                0x0000000008000ce8                __floatunsisf
                0x0000000008000cf0                __floatsisf
                0x0000000008000cf0                __aeabi_i2f
                0x0000000008000d0c                __aeabi_ul2f
                0x0000000008000d0c                __floatundisf
                0x0000000008000d1c                __aeabi_l2f
                0x0000000008000d1c                __floatdisf
 .text          0x0000000008000d98      0x2a0 /usr/local/Cellar/arm-none-eabi-gcc/10.3-2021.07/gcc/bin/../lib/gcc/arm-none-eabi/10.3.1/thumb/v7e-m/nofp/libgcc.a(_arm_muldivsf3.o)
                0x0000000008000d98                __mulsf3
                0x0000000008000d98                __aeabi_fmul
                0x0000000008000f00                __divsf3
                0x0000000008000f00                __aeabi_fdiv
 .text          0x0000000008001038       0xec /usr/local/Cellar/arm-none-eabi-gcc/10.3-2021.07/gcc/bin/../lib/gcc/arm-none-eabi/10.3.1/thumb/v7e-m/nofp/libgcc.a(_arm_cmpsf2.o)
                0x0000000008001038                __gesf2
                0x0000000008001038                __gtsf2
                0x0000000008001040                __ltsf2
                0x0000000008001040                __lesf2
                0x0000000008001048                __nesf2
                0x0000000008001048                __eqsf2
                0x0000000008001048                __cmpsf2
                0x00000000080010a8                __aeabi_cfrcmple
                0x00000000080010b0                __aeabi_cfcmpeq
                0x00000000080010b0                __aeabi_cfcmple
                0x00000000080010c0                __aeabi_fcmpeq
                0x00000000080010d4                __aeabi_fcmplt
                0x00000000080010e8                __aeabi_fcmple
                0x00000000080010fc                __aeabi_fcmpge
                0x0000000008001110                __aeabi_fcmpgt
 .text          0x0000000008001124       0x4c /usr/local/Cellar/arm-none-eabi-gcc/10.3-2021.07/gcc/bin/../lib/gcc/arm-none-eabi/10.3.1/thumb/v7e-m/nofp/libgcc.a(_arm_fixsfsi.o)
                0x0000000008001124                __fixsfsi
                0x0000000008001124                __aeabi_f2iz
 .text          0x0000000008001170       0x40 /usr/local/Cellar/arm-none-eabi-gcc/10.3-2021.07/gcc/bin/../lib/gcc/arm-none-eabi/10.3.1/thumb/v7e-m/nofp/libgcc.a(_arm_fixunssfsi.o)
                0x0000000008001170                __aeabi_f2uiz
                0x0000000008001170                __fixunssfsi
 .text          0x00000000080011b0      0x110 /usr/local/Cellar/arm-none-eabi-gcc/10.3-2021.07/gcc/bin/../lib/gcc/arm-none-eabi/10.3.1/thumb/v7e-m/nofp/libgcc.a(_arm_cmpdf2.o)
                0x00000000080011b0                __gedf2
                0x00000000080011b0                __gtdf2
                0x00000000080011b8                __ledf2
                0x00000000080011b8                __ltdf2
                0x00000000080011c0                __cmpdf2
                0x00000000080011c0                __eqdf2
                0x00000000080011c0                __nedf2
                0x000000000800123c                __aeabi_cdrcmple
                0x000000000800124c                __aeabi_cdcmple
                0x000000000800124c                __aeabi_cdcmpeq
                0x000000000800125c                __aeabi_dcmpeq
                0x0000000008001270                __aeabi_dcmplt
                0x0000000008001284                __aeabi_dcmple
                0x0000000008001298                __aeabi_dcmpge
                0x00000000080012ac                __aeabi_dcmpgt
 *(.text*)
 .text.MX_GPIO_Init
                0x00000000080012c0      0x100 CMakeFiles/lg-h7b0-ltdc.elf.dir/Core/Src/gpio.c.obj
                0x00000000080012c0                MX_GPIO_Init
 .text.MX_JPEG_Init
                0x00000000080013c0       0x20 CMakeFiles/lg-h7b0-ltdc.elf.dir/Core/Src/jpeg.c.obj
                0x00000000080013c0                MX_JPEG_Init
 .text.HAL_JPEG_MspInit
                0x00000000080013e0       0x48 CMakeFiles/lg-h7b0-ltdc.elf.dir/Core/Src/jpeg.c.obj
                0x00000000080013e0                HAL_JPEG_MspInit
 .text.MX_LTDC_Init
                0x0000000008001428       0xe4 CMakeFiles/lg-h7b0-ltdc.elf.dir/Core/Src/ltdc.c.obj
                0x0000000008001428                MX_LTDC_Init
 .text.HAL_LTDC_MspInit
                0x000000000800150c      0x258 CMakeFiles/lg-h7b0-ltdc.elf.dir/Core/Src/ltdc.c.obj
                0x000000000800150c                HAL_LTDC_MspInit
 .text.LCD_SPI_Transmit
                0x0000000008001764       0x18 CMakeFiles/lg-h7b0-ltdc.elf.dir/Core/Src/main.c.obj
                0x0000000008001764                LCD_SPI_Transmit
 .text.LCD_WriteReg
                0x000000000800177c       0x1c CMakeFiles/lg-h7b0-ltdc.elf.dir/Core/Src/main.c.obj
                0x000000000800177c                LCD_WriteReg
 .text.LCD_WriteDat
                0x0000000008001798       0x38 CMakeFiles/lg-h7b0-ltdc.elf.dir/Core/Src/main.c.obj
                0x0000000008001798                LCD_WriteDat
 .text.LCD_Power_On_Set
                0x00000000080017d0       0x48 CMakeFiles/lg-h7b0-ltdc.elf.dir/Core/Src/main.c.obj
                0x00000000080017d0                LCD_Power_On_Set
 .text.LCD_Display_Initial_Set
                0x0000000008001818      0x344 CMakeFiles/lg-h7b0-ltdc.elf.dir/Core/Src/main.c.obj
                0x0000000008001818                LCD_Display_Initial_Set
 .text.LCD_Sleep_Out_N_Display_On_Set
                0x0000000008001b5c       0x5c CMakeFiles/lg-h7b0-ltdc.elf.dir/Core/Src/main.c.obj
                0x0000000008001b5c                LCD_Sleep_Out_N_Display_On_Set
 .text.huecolor
                0x0000000008001bb8       0x9c CMakeFiles/lg-h7b0-ltdc.elf.dir/Core/Src/main.c.obj
                0x0000000008001bb8                huecolor
 .text.pset24   0x0000000008001c54       0x40 CMakeFiles/lg-h7b0-ltdc.elf.dir/Core/Src/main.c.obj
                0x0000000008001c54                pset24
 .text.printChar
                0x0000000008001c94       0x80 CMakeFiles/lg-h7b0-ltdc.elf.dir/Core/Src/main.c.obj
                0x0000000008001c94                printChar
 .text.printFPS
                0x0000000008001d14       0x88 CMakeFiles/lg-h7b0-ltdc.elf.dir/Core/Src/main.c.obj
                0x0000000008001d14                printFPS
 .text.HAL_TIM_PeriodElapsedCallback
                0x0000000008001d9c       0x14 CMakeFiles/lg-h7b0-ltdc.elf.dir/Core/Src/main.c.obj
                0x0000000008001d9c                HAL_TIM_PeriodElapsedCallback
 .text.draw     0x0000000008001db0      0x114 CMakeFiles/lg-h7b0-ltdc.elf.dir/Core/Src/main.c.obj
                0x0000000008001db0                draw
 .text.Error_Handler
                0x0000000008001ec4       0x14 CMakeFiles/lg-h7b0-ltdc.elf.dir/Core/Src/main.c.obj
                0x0000000008001ec4                Error_Handler
 .text.SystemClock_Config
                0x0000000008001ed8       0xc0 CMakeFiles/lg-h7b0-ltdc.elf.dir/Core/Src/main.c.obj
                0x0000000008001ed8                SystemClock_Config
 .text.main     0x0000000008001f98      0x1b0 CMakeFiles/lg-h7b0-ltdc.elf.dir/Core/Src/main.c.obj
                0x0000000008001f98                main
 .text.MX_SPI4_Init
                0x0000000008002148       0x64 CMakeFiles/lg-h7b0-ltdc.elf.dir/Core/Src/spi.c.obj
                0x0000000008002148                MX_SPI4_Init
 .text.HAL_SPI_MspInit
                0x00000000080021ac       0x9c CMakeFiles/lg-h7b0-ltdc.elf.dir/Core/Src/spi.c.obj
                0x00000000080021ac                HAL_SPI_MspInit
 .text.HAL_MspInit
                0x0000000008002248       0x24 CMakeFiles/lg-h7b0-ltdc.elf.dir/Core/Src/stm32h7xx_hal_msp.c.obj
                0x0000000008002248                HAL_MspInit
 .text.NMI_Handler
                0x000000000800226c        0x2 CMakeFiles/lg-h7b0-ltdc.elf.dir/Core/Src/stm32h7xx_it.c.obj
                0x000000000800226c                NMI_Handler
 .text.HardFault_Handler
                0x000000000800226e        0x2 CMakeFiles/lg-h7b0-ltdc.elf.dir/Core/Src/stm32h7xx_it.c.obj
                0x000000000800226e                HardFault_Handler
 .text.MemManage_Handler
                0x0000000008002270        0x2 CMakeFiles/lg-h7b0-ltdc.elf.dir/Core/Src/stm32h7xx_it.c.obj
                0x0000000008002270                MemManage_Handler
 .text.BusFault_Handler
                0x0000000008002272        0x2 CMakeFiles/lg-h7b0-ltdc.elf.dir/Core/Src/stm32h7xx_it.c.obj
                0x0000000008002272                BusFault_Handler
 .text.UsageFault_Handler
                0x0000000008002274        0x2 CMakeFiles/lg-h7b0-ltdc.elf.dir/Core/Src/stm32h7xx_it.c.obj
                0x0000000008002274                UsageFault_Handler
 .text.SVC_Handler
                0x0000000008002276        0x2 CMakeFiles/lg-h7b0-ltdc.elf.dir/Core/Src/stm32h7xx_it.c.obj
                0x0000000008002276                SVC_Handler
 .text.DebugMon_Handler
                0x0000000008002278        0x2 CMakeFiles/lg-h7b0-ltdc.elf.dir/Core/Src/stm32h7xx_it.c.obj
                0x0000000008002278                DebugMon_Handler
 .text.PendSV_Handler
                0x000000000800227a        0x2 CMakeFiles/lg-h7b0-ltdc.elf.dir/Core/Src/stm32h7xx_it.c.obj
                0x000000000800227a                PendSV_Handler
 .text.SysTick_Handler
                0x000000000800227c        0x8 CMakeFiles/lg-h7b0-ltdc.elf.dir/Core/Src/stm32h7xx_it.c.obj
                0x000000000800227c                SysTick_Handler
 .text.TIM2_IRQHandler
                0x0000000008002284       0x10 CMakeFiles/lg-h7b0-ltdc.elf.dir/Core/Src/stm32h7xx_it.c.obj
                0x0000000008002284                TIM2_IRQHandler
 .text.LTDC_IRQHandler
                0x0000000008002294       0x10 CMakeFiles/lg-h7b0-ltdc.elf.dir/Core/Src/stm32h7xx_it.c.obj
                0x0000000008002294                LTDC_IRQHandler
 .text.LTDC_ER_IRQHandler
                0x00000000080022a4       0x10 CMakeFiles/lg-h7b0-ltdc.elf.dir/Core/Src/stm32h7xx_it.c.obj
                0x00000000080022a4                LTDC_ER_IRQHandler
 .text.JPEG_IRQHandler
                0x00000000080022b4       0x10 CMakeFiles/lg-h7b0-ltdc.elf.dir/Core/Src/stm32h7xx_it.c.obj
                0x00000000080022b4                JPEG_IRQHandler
 .text.SystemInit
                0x00000000080022c4       0x98 CMakeFiles/lg-h7b0-ltdc.elf.dir/Core/Src/system_stm32h7xx.c.obj
                0x00000000080022c4                SystemInit
 .text.MX_TIM2_Init
                0x000000000800235c       0x74 CMakeFiles/lg-h7b0-ltdc.elf.dir/Core/Src/tim.c.obj
                0x000000000800235c                MX_TIM2_Init
 .text.HAL_TIM_Base_MspInit
                0x00000000080023d0       0x44 CMakeFiles/lg-h7b0-ltdc.elf.dir/Core/Src/tim.c.obj
                0x00000000080023d0                HAL_TIM_Base_MspInit
 .text.Reset_Handler
                0x0000000008002414       0x50 CMakeFiles/lg-h7b0-ltdc.elf.dir/Core/Startup/startup_stm32h7b0vbtx.s.obj
                0x0000000008002414                Reset_Handler
 .text.Default_Handler
                0x0000000008002464        0x2 CMakeFiles/lg-h7b0-ltdc.elf.dir/Core/Startup/startup_stm32h7b0vbtx.s.obj
                0x0000000008002464                BDMA2_Channel4_IRQHandler
                0x0000000008002464                HASH_RNG_IRQHandler
                0x0000000008002464                EXTI2_IRQHandler
                0x0000000008002464                TIM8_CC_IRQHandler
                0x0000000008002464                UART8_IRQHandler
                0x0000000008002464                BDMA2_Channel1_IRQHandler
                0x0000000008002464                SPI4_IRQHandler
                0x0000000008002464                BDMA2_Channel0_IRQHandler
                0x0000000008002464                TIM1_CC_IRQHandler
                0x0000000008002464                DMA2_Stream5_IRQHandler
                0x0000000008002464                DMA1_Stream5_IRQHandler
                0x0000000008002464                EXTI3_IRQHandler
                0x0000000008002464                LPTIM4_IRQHandler
                0x0000000008002464                TIM8_TRG_COM_TIM14_IRQHandler
                0x0000000008002464                LPTIM2_IRQHandler
                0x0000000008002464                DFSDM1_FLT1_IRQHandler
                0x0000000008002464                DMAMUX2_OVR_IRQHandler
                0x0000000008002464                GFXMMU_IRQHandler
                0x0000000008002464                TIM8_UP_TIM13_IRQHandler
                0x0000000008002464                I2C3_ER_IRQHandler
                0x0000000008002464                DFSDM1_FLT2_IRQHandler
                0x0000000008002464                USART10_IRQHandler
                0x0000000008002464                MDMA_IRQHandler
                0x0000000008002464                LPTIM3_IRQHandler
                0x0000000008002464                BDMA2_Channel3_IRQHandler
                0x0000000008002464                HSEM1_IRQHandler
                0x0000000008002464                EXTI0_IRQHandler
                0x0000000008002464                I2C2_EV_IRQHandler
                0x0000000008002464                DAC2_IRQHandler
                0x0000000008002464                DMA1_Stream2_IRQHandler
                0x0000000008002464                FPU_IRQHandler
                0x0000000008002464                OTG_HS_WKUP_IRQHandler
                0x0000000008002464                FDCAN1_IT1_IRQHandler
                0x0000000008002464                DMA2_Stream2_IRQHandler
                0x0000000008002464                SPI1_IRQHandler
                0x0000000008002464                OCTOSPI1_IRQHandler
                0x0000000008002464                TIM6_DAC_IRQHandler
                0x0000000008002464                BDMA2_Channel6_IRQHandler
                0x0000000008002464                DMA2_Stream3_IRQHandler
                0x0000000008002464                OCTOSPI2_IRQHandler
                0x0000000008002464                SAI2_IRQHandler
                0x0000000008002464                BDMA1_IRQHandler
                0x0000000008002464                DFSDM1_FLT3_IRQHandler
                0x0000000008002464                USART6_IRQHandler
                0x0000000008002464                TIM17_IRQHandler
                0x0000000008002464                USART3_IRQHandler
                0x0000000008002464                CRYP_IRQHandler
                0x0000000008002464                LPTIM5_IRQHandler
                0x0000000008002464                UART5_IRQHandler
                0x0000000008002464                DMA2_Stream0_IRQHandler
                0x0000000008002464                TIM4_IRQHandler
                0x0000000008002464                I2C1_EV_IRQHandler
                0x0000000008002464                DMA1_Stream6_IRQHandler
                0x0000000008002464                DMAMUX1_OVR_IRQHandler
                0x0000000008002464                DMA1_Stream1_IRQHandler
                0x0000000008002464                TIM16_IRQHandler
                0x0000000008002464                UART4_IRQHandler
                0x0000000008002464                TIM3_IRQHandler
                0x0000000008002464                RCC_IRQHandler
                0x0000000008002464                UART9_IRQHandler
                0x0000000008002464                TIM8_BRK_TIM12_IRQHandler
                0x0000000008002464                TIM1_TRG_COM_IRQHandler
                0x0000000008002464                Default_Handler
                0x0000000008002464                ECC_IRQHandler
                0x0000000008002464                BDMA2_Channel2_IRQHandler
                0x0000000008002464                CEC_IRQHandler
                0x0000000008002464                EXTI15_10_IRQHandler
                0x0000000008002464                DFSDM1_FLT4_IRQHandler
                0x0000000008002464                ADC_IRQHandler
                0x0000000008002464                OTFDEC1_IRQHandler
                0x0000000008002464                DMA1_Stream7_IRQHandler
                0x0000000008002464                SPI5_IRQHandler
                0x0000000008002464                TIM7_IRQHandler
                0x0000000008002464                SDMMC1_IRQHandler
                0x0000000008002464                TIM5_IRQHandler
                0x0000000008002464                DMA2_Stream7_IRQHandler
                0x0000000008002464                TIM15_IRQHandler
                0x0000000008002464                I2C3_EV_IRQHandler
                0x0000000008002464                DFSDM2_IRQHandler
                0x0000000008002464                EXTI9_5_IRQHandler
                0x0000000008002464                RTC_WKUP_IRQHandler
                0x0000000008002464                SPDIF_RX_IRQHandler
                0x0000000008002464                PVD_PVM_IRQHandler
                0x0000000008002464                SPI2_IRQHandler
                0x0000000008002464                OTG_HS_EP1_IN_IRQHandler
                0x0000000008002464                DFSDM1_FLT5_IRQHandler
                0x0000000008002464                DMA1_Stream0_IRQHandler
                0x0000000008002464                OTFDEC2_IRQHandler
                0x0000000008002464                CRS_IRQHandler
                0x0000000008002464                EXTI4_IRQHandler
                0x0000000008002464                DFSDM1_FLT6_IRQHandler
                0x0000000008002464                FDCAN2_IT1_IRQHandler
                0x0000000008002464                COMP_IRQHandler
                0x0000000008002464                TIM1_UP_IRQHandler
                0x0000000008002464                OTG_HS_EP1_OUT_IRQHandler
                0x0000000008002464                WWDG_IRQHandler
                0x0000000008002464                SPI6_IRQHandler
                0x0000000008002464                MDIOS_IRQHandler
                0x0000000008002464                I2C4_EV_IRQHandler
                0x0000000008002464                FDCAN2_IT0_IRQHandler
                0x0000000008002464                LPUART1_IRQHandler
                0x0000000008002464                FDCAN1_IT0_IRQHandler
                0x0000000008002464                BDMA2_Channel5_IRQHandler
                0x0000000008002464                OTG_HS_IRQHandler
                0x0000000008002464                DMA2D_IRQHandler
                0x0000000008002464                TIM1_BRK_IRQHandler
                0x0000000008002464                EXTI1_IRQHandler
                0x0000000008002464                SDMMC2_IRQHandler
                0x0000000008002464                DTS_IRQHandler
                0x0000000008002464                UART7_IRQHandler
                0x0000000008002464                MDIOS_WKUP_IRQHandler
                0x0000000008002464                USART2_IRQHandler
                0x0000000008002464                DFSDM1_FLT0_IRQHandler
                0x0000000008002464                I2C2_ER_IRQHandler
                0x0000000008002464                DMA2_Stream1_IRQHandler
                0x0000000008002464                DFSDM1_FLT7_IRQHandler
                0x0000000008002464                FLASH_IRQHandler
                0x0000000008002464                DMA2_Stream4_IRQHandler
                0x0000000008002464                USART1_IRQHandler
                0x0000000008002464                SPI3_IRQHandler
                0x0000000008002464                WAKEUP_PIN_IRQHandler
                0x0000000008002464                DMA1_Stream4_IRQHandler
                0x0000000008002464                I2C1_ER_IRQHandler
                0x0000000008002464                FMC_IRQHandler
                0x0000000008002464                BDMA2_Channel7_IRQHandler
                0x0000000008002464                FDCAN_CAL_IRQHandler
                0x0000000008002464                SWPMI1_IRQHandler
                0x0000000008002464                LPTIM1_IRQHandler
                0x0000000008002464                DCMI_PSSI_IRQHandler
                0x0000000008002464                I2C4_ER_IRQHandler
                0x0000000008002464                DMA2_Stream6_IRQHandler
                0x0000000008002464                SAI1_IRQHandler
                0x0000000008002464                DMA1_Stream3_IRQHandler
                0x0000000008002464                RTC_TAMP_STAMP_CSS_LSE_IRQHandler
                0x0000000008002464                RTC_Alarm_IRQHandler
 *fill*         0x0000000008002466        0x2 
 .text.HAL_InitTick
                0x0000000008002468       0x50 CMakeFiles/lg-h7b0-ltdc.elf.dir/Drivers/STM32H7xx_HAL_Driver/Src/stm32h7xx_hal.c.obj
                0x0000000008002468                HAL_InitTick
 .text.HAL_Init
                0x00000000080024b8       0x5c CMakeFiles/lg-h7b0-ltdc.elf.dir/Drivers/STM32H7xx_HAL_Driver/Src/stm32h7xx_hal.c.obj
                0x00000000080024b8                HAL_Init
 .text.HAL_IncTick
                0x0000000008002514       0x18 CMakeFiles/lg-h7b0-ltdc.elf.dir/Drivers/STM32H7xx_HAL_Driver/Src/stm32h7xx_hal.c.obj
                0x0000000008002514                HAL_IncTick
 .text.HAL_GetTick
                0x000000000800252c        0xc CMakeFiles/lg-h7b0-ltdc.elf.dir/Drivers/STM32H7xx_HAL_Driver/Src/stm32h7xx_hal.c.obj
                0x000000000800252c                HAL_GetTick
 .text.HAL_Delay
                0x0000000008002538       0x28 CMakeFiles/lg-h7b0-ltdc.elf.dir/Drivers/STM32H7xx_HAL_Driver/Src/stm32h7xx_hal.c.obj
                0x0000000008002538                HAL_Delay
 .text.HAL_NVIC_SetPriorityGrouping
                0x0000000008002560       0x24 CMakeFiles/lg-h7b0-ltdc.elf.dir/Drivers/STM32H7xx_HAL_Driver/Src/stm32h7xx_hal_cortex.c.obj
                0x0000000008002560                HAL_NVIC_SetPriorityGrouping
 .text.HAL_NVIC_SetPriority
                0x0000000008002584       0x6c CMakeFiles/lg-h7b0-ltdc.elf.dir/Drivers/STM32H7xx_HAL_Driver/Src/stm32h7xx_hal_cortex.c.obj
                0x0000000008002584                HAL_NVIC_SetPriority
 .text.HAL_NVIC_EnableIRQ
                0x00000000080025f0       0x1c CMakeFiles/lg-h7b0-ltdc.elf.dir/Drivers/STM32H7xx_HAL_Driver/Src/stm32h7xx_hal_cortex.c.obj
                0x00000000080025f0                HAL_NVIC_EnableIRQ
 .text.HAL_SYSTICK_Config
                0x000000000800260c       0x28 CMakeFiles/lg-h7b0-ltdc.elf.dir/Drivers/STM32H7xx_HAL_Driver/Src/stm32h7xx_hal_cortex.c.obj
                0x000000000800260c                HAL_SYSTICK_Config
 .text.HAL_GPIO_Init
                0x0000000008002634      0x228 CMakeFiles/lg-h7b0-ltdc.elf.dir/Drivers/STM32H7xx_HAL_Driver/Src/stm32h7xx_hal_gpio.c.obj
                0x0000000008002634                HAL_GPIO_Init
 .text.HAL_GPIO_WritePin
                0x000000000800285c        0xc CMakeFiles/lg-h7b0-ltdc.elf.dir/Drivers/STM32H7xx_HAL_Driver/Src/stm32h7xx_hal_gpio.c.obj
                0x000000000800285c                HAL_GPIO_WritePin
 .text.JPEG_Bits_To_SizeCodes
                0x0000000008002868       0x80 CMakeFiles/lg-h7b0-ltdc.elf.dir/Drivers/STM32H7xx_HAL_Driver/Src/stm32h7xx_hal_jpeg.c.obj
 .text.JPEG_ACHuff_BitsVals_To_SizeCodes
                0x00000000080028e8       0x6c CMakeFiles/lg-h7b0-ltdc.elf.dir/Drivers/STM32H7xx_HAL_Driver/Src/stm32h7xx_hal_jpeg.c.obj
 .text.JPEG_DCHuff_BitsVals_To_SizeCodes
                0x0000000008002954       0x5a CMakeFiles/lg-h7b0-ltdc.elf.dir/Drivers/STM32H7xx_HAL_Driver/Src/stm32h7xx_hal_jpeg.c.obj
 .text.JPEG_Set_HuffDC_Mem
                0x00000000080029ae       0x9a CMakeFiles/lg-h7b0-ltdc.elf.dir/Drivers/STM32H7xx_HAL_Driver/Src/stm32h7xx_hal_jpeg.c.obj
 .text.JPEG_Set_HuffAC_Mem
                0x0000000008002a48       0xb8 CMakeFiles/lg-h7b0-ltdc.elf.dir/Drivers/STM32H7xx_HAL_Driver/Src/stm32h7xx_hal_jpeg.c.obj
 .text.JPEG_Set_Huff_DHTMem
                0x0000000008002b00      0x26c CMakeFiles/lg-h7b0-ltdc.elf.dir/Drivers/STM32H7xx_HAL_Driver/Src/stm32h7xx_hal_jpeg.c.obj
 .text.JPEG_Set_HuffEnc_Mem
                0x0000000008002d6c       0x68 CMakeFiles/lg-h7b0-ltdc.elf.dir/Drivers/STM32H7xx_HAL_Driver/Src/stm32h7xx_hal_jpeg.c.obj
 .text.JPEG_GetQuality
                0x0000000008002dd4       0x74 CMakeFiles/lg-h7b0-ltdc.elf.dir/Drivers/STM32H7xx_HAL_Driver/Src/stm32h7xx_hal_jpeg.c.obj
 .text.HAL_JPEG_Init
                0x0000000008002e48       0xa0 CMakeFiles/lg-h7b0-ltdc.elf.dir/Drivers/STM32H7xx_HAL_Driver/Src/stm32h7xx_hal_jpeg.c.obj
                0x0000000008002e48                HAL_JPEG_Init
 .text.HAL_JPEG_GetInfo
                0x0000000008002ee8       0xd0 CMakeFiles/lg-h7b0-ltdc.elf.dir/Drivers/STM32H7xx_HAL_Driver/Src/stm32h7xx_hal_jpeg.c.obj
                0x0000000008002ee8                HAL_JPEG_GetInfo
 .text.HAL_JPEG_Pause
                0x0000000008002fb8       0x64 CMakeFiles/lg-h7b0-ltdc.elf.dir/Drivers/STM32H7xx_HAL_Driver/Src/stm32h7xx_hal_jpeg.c.obj
                0x0000000008002fb8                HAL_JPEG_Pause
 .text.HAL_JPEG_InfoReadyCallback
                0x000000000800301c        0x2 CMakeFiles/lg-h7b0-ltdc.elf.dir/Drivers/STM32H7xx_HAL_Driver/Src/stm32h7xx_hal_jpeg.c.obj
                0x000000000800301c                HAL_JPEG_InfoReadyCallback
 .text.HAL_JPEG_EncodeCpltCallback
                0x000000000800301e        0x2 CMakeFiles/lg-h7b0-ltdc.elf.dir/Drivers/STM32H7xx_HAL_Driver/Src/stm32h7xx_hal_jpeg.c.obj
                0x000000000800301e                HAL_JPEG_EncodeCpltCallback
 .text.HAL_JPEG_DecodeCpltCallback
                0x0000000008003020        0x2 CMakeFiles/lg-h7b0-ltdc.elf.dir/Drivers/STM32H7xx_HAL_Driver/Src/stm32h7xx_hal_jpeg.c.obj
                0x0000000008003020                HAL_JPEG_DecodeCpltCallback
 .text.HAL_JPEG_GetDataCallback
                0x0000000008003022        0x2 CMakeFiles/lg-h7b0-ltdc.elf.dir/Drivers/STM32H7xx_HAL_Driver/Src/stm32h7xx_hal_jpeg.c.obj
                0x0000000008003022                HAL_JPEG_GetDataCallback
 .text.JPEG_ReadInputData
                0x0000000008003024       0xde CMakeFiles/lg-h7b0-ltdc.elf.dir/Drivers/STM32H7xx_HAL_Driver/Src/stm32h7xx_hal_jpeg.c.obj
 .text.HAL_JPEG_DataReadyCallback
                0x0000000008003102        0x2 CMakeFiles/lg-h7b0-ltdc.elf.dir/Drivers/STM32H7xx_HAL_Driver/Src/stm32h7xx_hal_jpeg.c.obj
                0x0000000008003102                HAL_JPEG_DataReadyCallback
 .text.JPEG_StoreOutputData
                0x0000000008003104      0x122 CMakeFiles/lg-h7b0-ltdc.elf.dir/Drivers/STM32H7xx_HAL_Driver/Src/stm32h7xx_hal_jpeg.c.obj
 .text.JPEG_Process
                0x0000000008003226      0x11a CMakeFiles/lg-h7b0-ltdc.elf.dir/Drivers/STM32H7xx_HAL_Driver/Src/stm32h7xx_hal_jpeg.c.obj
 .text.JPEG_DMA_PollResidualData
                0x0000000008003340       0xc2 CMakeFiles/lg-h7b0-ltdc.elf.dir/Drivers/STM32H7xx_HAL_Driver/Src/stm32h7xx_hal_jpeg.c.obj
 .text.JPEG_DMA_EndProcess
                0x0000000008003402       0x90 CMakeFiles/lg-h7b0-ltdc.elf.dir/Drivers/STM32H7xx_HAL_Driver/Src/stm32h7xx_hal_jpeg.c.obj
 .text.JPEG_DMA_ContinueProcess
                0x0000000008003492       0x9c CMakeFiles/lg-h7b0-ltdc.elf.dir/Drivers/STM32H7xx_HAL_Driver/Src/stm32h7xx_hal_jpeg.c.obj
 .text.HAL_JPEG_IRQHandler
                0x000000000800352e       0x2e CMakeFiles/lg-h7b0-ltdc.elf.dir/Drivers/STM32H7xx_HAL_Driver/Src/stm32h7xx_hal_jpeg.c.obj
                0x000000000800352e                HAL_JPEG_IRQHandler
 .text.LTDC_SetConfig
                0x000000000800355c      0x1b8 CMakeFiles/lg-h7b0-ltdc.elf.dir/Drivers/STM32H7xx_HAL_Driver/Src/stm32h7xx_hal_ltdc.c.obj
 .text.HAL_LTDC_Init
                0x0000000008003714       0xf8 CMakeFiles/lg-h7b0-ltdc.elf.dir/Drivers/STM32H7xx_HAL_Driver/Src/stm32h7xx_hal_ltdc.c.obj
                0x0000000008003714                HAL_LTDC_Init
 .text.HAL_LTDC_ErrorCallback
                0x000000000800380c        0x2 CMakeFiles/lg-h7b0-ltdc.elf.dir/Drivers/STM32H7xx_HAL_Driver/Src/stm32h7xx_hal_ltdc.c.obj
                0x000000000800380c                HAL_LTDC_ErrorCallback
 .text.HAL_LTDC_LineEventCallback
                0x000000000800380e        0x2 CMakeFiles/lg-h7b0-ltdc.elf.dir/Drivers/STM32H7xx_HAL_Driver/Src/stm32h7xx_hal_ltdc.c.obj
                0x000000000800380e                HAL_LTDC_LineEventCallback
 .text.HAL_LTDC_ReloadEventCallback
                0x0000000008003810        0x2 CMakeFiles/lg-h7b0-ltdc.elf.dir/Drivers/STM32H7xx_HAL_Driver/Src/stm32h7xx_hal_ltdc.c.obj
                0x0000000008003810                HAL_LTDC_ReloadEventCallback
 .text.HAL_LTDC_IRQHandler
                0x0000000008003812       0xda CMakeFiles/lg-h7b0-ltdc.elf.dir/Drivers/STM32H7xx_HAL_Driver/Src/stm32h7xx_hal_ltdc.c.obj
                0x0000000008003812                HAL_LTDC_IRQHandler
 .text.HAL_LTDC_ConfigLayer
                0x00000000080038ec       0x68 CMakeFiles/lg-h7b0-ltdc.elf.dir/Drivers/STM32H7xx_HAL_Driver/Src/stm32h7xx_hal_ltdc.c.obj
                0x00000000080038ec                HAL_LTDC_ConfigLayer
 .text.HAL_MDMA_Abort_IT
                0x0000000008003954       0x2c CMakeFiles/lg-h7b0-ltdc.elf.dir/Drivers/STM32H7xx_HAL_Driver/Src/stm32h7xx_hal_mdma.c.obj
                0x0000000008003954                HAL_MDMA_Abort_IT
 .text.HAL_PWREx_ConfigSupply
                0x0000000008003980       0x54 CMakeFiles/lg-h7b0-ltdc.elf.dir/Drivers/STM32H7xx_HAL_Driver/Src/stm32h7xx_hal_pwr_ex.c.obj
                0x0000000008003980                HAL_PWREx_ConfigSupply
 .text.HAL_RCC_OscConfig
                0x00000000080039d4      0x624 CMakeFiles/lg-h7b0-ltdc.elf.dir/Drivers/STM32H7xx_HAL_Driver/Src/stm32h7xx_hal_rcc.c.obj
                0x00000000080039d4                HAL_RCC_OscConfig
 .text.HAL_RCC_GetSysClockFreq
                0x0000000008003ff8      0x218 CMakeFiles/lg-h7b0-ltdc.elf.dir/Drivers/STM32H7xx_HAL_Driver/Src/stm32h7xx_hal_rcc.c.obj
                0x0000000008003ff8                HAL_RCC_GetSysClockFreq
 .text.HAL_RCC_ClockConfig
                0x0000000008004210      0x294 CMakeFiles/lg-h7b0-ltdc.elf.dir/Drivers/STM32H7xx_HAL_Driver/Src/stm32h7xx_hal_rcc.c.obj
                0x0000000008004210                HAL_RCC_ClockConfig
 .text.RCCEx_PLL2_Config
                0x00000000080044a4      0x10c CMakeFiles/lg-h7b0-ltdc.elf.dir/Drivers/STM32H7xx_HAL_Driver/Src/stm32h7xx_hal_rcc_ex.c.obj
 .text.RCCEx_PLL3_Config
                0x00000000080045b0      0x10c CMakeFiles/lg-h7b0-ltdc.elf.dir/Drivers/STM32H7xx_HAL_Driver/Src/stm32h7xx_hal_rcc_ex.c.obj
 .text.HAL_RCCEx_PeriphCLKConfig
                0x00000000080046bc      0x96c CMakeFiles/lg-h7b0-ltdc.elf.dir/Drivers/STM32H7xx_HAL_Driver/Src/stm32h7xx_hal_rcc_ex.c.obj
                0x00000000080046bc                HAL_RCCEx_PeriphCLKConfig
 .text.SPI_CloseTransfer
                0x0000000008005028       0xcc CMakeFiles/lg-h7b0-ltdc.elf.dir/Drivers/STM32H7xx_HAL_Driver/Src/stm32h7xx_hal_spi.c.obj
 .text.SPI_GetPacketSize
                0x00000000080050f4       0x10 CMakeFiles/lg-h7b0-ltdc.elf.dir/Drivers/STM32H7xx_HAL_Driver/Src/stm32h7xx_hal_spi.c.obj
 .text.SPI_WaitOnFlagUntilTimeout
                0x0000000008005104       0x48 CMakeFiles/lg-h7b0-ltdc.elf.dir/Drivers/STM32H7xx_HAL_Driver/Src/stm32h7xx_hal_spi.c.obj
 .text.HAL_SPI_Init
                0x000000000800514c      0x168 CMakeFiles/lg-h7b0-ltdc.elf.dir/Drivers/STM32H7xx_HAL_Driver/Src/stm32h7xx_hal_spi.c.obj
                0x000000000800514c                HAL_SPI_Init
 .text.HAL_SPI_Transmit
                0x00000000080052b4      0x2c4 CMakeFiles/lg-h7b0-ltdc.elf.dir/Drivers/STM32H7xx_HAL_Driver/Src/stm32h7xx_hal_spi.c.obj
                0x00000000080052b4                HAL_SPI_Transmit
 .text.TIM_TI1_ConfigInputStage
                0x0000000008005578       0x24 CMakeFiles/lg-h7b0-ltdc.elf.dir/Drivers/STM32H7xx_HAL_Driver/Src/stm32h7xx_hal_tim.c.obj
 .text.TIM_TI2_ConfigInputStage
                0x000000000800559c       0x26 CMakeFiles/lg-h7b0-ltdc.elf.dir/Drivers/STM32H7xx_HAL_Driver/Src/stm32h7xx_hal_tim.c.obj
 *fill*         0x00000000080055c2        0x2 
 .text.TIM_ITRx_SetConfig
                0x00000000080055c4       0x14 CMakeFiles/lg-h7b0-ltdc.elf.dir/Drivers/STM32H7xx_HAL_Driver/Src/stm32h7xx_hal_tim.c.obj
 .text.HAL_TIM_Base_Start_IT
                0x00000000080055d8       0x90 CMakeFiles/lg-h7b0-ltdc.elf.dir/Drivers/STM32H7xx_HAL_Driver/Src/stm32h7xx_hal_tim.c.obj
                0x00000000080055d8                HAL_TIM_Base_Start_IT
 .text.HAL_TIM_OC_DelayElapsedCallback
                0x0000000008005668        0x2 CMakeFiles/lg-h7b0-ltdc.elf.dir/Drivers/STM32H7xx_HAL_Driver/Src/stm32h7xx_hal_tim.c.obj
                0x0000000008005668                HAL_TIM_OC_DelayElapsedCallback
 .text.HAL_TIM_IC_CaptureCallback
                0x000000000800566a        0x2 CMakeFiles/lg-h7b0-ltdc.elf.dir/Drivers/STM32H7xx_HAL_Driver/Src/stm32h7xx_hal_tim.c.obj
                0x000000000800566a                HAL_TIM_IC_CaptureCallback
 .text.HAL_TIM_PWM_PulseFinishedCallback
                0x000000000800566c        0x2 CMakeFiles/lg-h7b0-ltdc.elf.dir/Drivers/STM32H7xx_HAL_Driver/Src/stm32h7xx_hal_tim.c.obj
                0x000000000800566c                HAL_TIM_PWM_PulseFinishedCallback
 .text.HAL_TIM_TriggerCallback
                0x000000000800566e        0x2 CMakeFiles/lg-h7b0-ltdc.elf.dir/Drivers/STM32H7xx_HAL_Driver/Src/stm32h7xx_hal_tim.c.obj
                0x000000000800566e                HAL_TIM_TriggerCallback
 .text.HAL_TIM_IRQHandler
                0x0000000008005670      0x19a CMakeFiles/lg-h7b0-ltdc.elf.dir/Drivers/STM32H7xx_HAL_Driver/Src/stm32h7xx_hal_tim.c.obj
                0x0000000008005670                HAL_TIM_IRQHandler
 *fill*         0x000000000800580a        0x2 
 .text.TIM_Base_SetConfig
                0x000000000800580c      0x104 CMakeFiles/lg-h7b0-ltdc.elf.dir/Drivers/STM32H7xx_HAL_Driver/Src/stm32h7xx_hal_tim.c.obj
                0x000000000800580c                TIM_Base_SetConfig
 .text.HAL_TIM_Base_Init
                0x0000000008005910       0x60 CMakeFiles/lg-h7b0-ltdc.elf.dir/Drivers/STM32H7xx_HAL_Driver/Src/stm32h7xx_hal_tim.c.obj
                0x0000000008005910                HAL_TIM_Base_Init
 .text.TIM_ETR_SetConfig
                0x0000000008005970       0x18 CMakeFiles/lg-h7b0-ltdc.elf.dir/Drivers/STM32H7xx_HAL_Driver/Src/stm32h7xx_hal_tim.c.obj
                0x0000000008005970                TIM_ETR_SetConfig
 .text.HAL_TIM_ConfigClockSource
                0x0000000008005988      0x138 CMakeFiles/lg-h7b0-ltdc.elf.dir/Drivers/STM32H7xx_HAL_Driver/Src/stm32h7xx_hal_tim.c.obj
                0x0000000008005988                HAL_TIM_ConfigClockSource
 .text.HAL_TIMEx_MasterConfigSynchronization
                0x0000000008005ac0       0xa0 CMakeFiles/lg-h7b0-ltdc.elf.dir/Drivers/STM32H7xx_HAL_Driver/Src/stm32h7xx_hal_tim_ex.c.obj
                0x0000000008005ac0                HAL_TIMEx_MasterConfigSynchronization
 .text.HAL_TIMEx_CommutCallback
                0x0000000008005b60        0x2 CMakeFiles/lg-h7b0-ltdc.elf.dir/Drivers/STM32H7xx_HAL_Driver/Src/stm32h7xx_hal_tim_ex.c.obj
                0x0000000008005b60                HAL_TIMEx_CommutCallback
 .text.HAL_TIMEx_BreakCallback
                0x0000000008005b62        0x2 CMakeFiles/lg-h7b0-ltdc.elf.dir/Drivers/STM32H7xx_HAL_Driver/Src/stm32h7xx_hal_tim_ex.c.obj
                0x0000000008005b62                HAL_TIMEx_BreakCallback
 .text.HAL_TIMEx_Break2Callback
                0x0000000008005b64        0x2 CMakeFiles/lg-h7b0-ltdc.elf.dir/Drivers/STM32H7xx_HAL_Driver/Src/stm32h7xx_hal_tim_ex.c.obj
                0x0000000008005b64                HAL_TIMEx_Break2Callback
 *fill*         0x0000000008005b66        0x2 
 .text.__libc_init_array
                0x0000000008005b68       0x48 /usr/local/Cellar/arm-none-eabi-gcc/10.3-2021.07/gcc/bin/../lib/gcc/arm-none-eabi/10.3.1/../../../../arm-none-eabi/lib/thumb/v7e-m/nofp/libg.a(lib_a-init.o)
                0x0000000008005b68                __libc_init_array
 .text.memset   0x0000000008005bb0       0xa4 /usr/local/Cellar/arm-none-eabi-gcc/10.3-2021.07/gcc/bin/../lib/gcc/arm-none-eabi/10.3.1/../../../../arm-none-eabi/lib/thumb/v7e-m/nofp/libg.a(lib_a-memset.o)
                0x0000000008005bb0                memset
 .text.startup.register_fini
                0x0000000008005c54       0x14 /usr/local/Cellar/arm-none-eabi-gcc/10.3-2021.07/gcc/bin/../lib/gcc/arm-none-eabi/10.3.1/../../../../arm-none-eabi/lib/thumb/v7e-m/nofp/libg.a(lib_a-__call_atexit.o)
 .text.atexit   0x0000000008005c68        0xc /usr/local/Cellar/arm-none-eabi-gcc/10.3-2021.07/gcc/bin/../lib/gcc/arm-none-eabi/10.3.1/../../../../arm-none-eabi/lib/thumb/v7e-m/nofp/libg.a(lib_a-atexit.o)
                0x0000000008005c68                atexit
 .text.__libc_fini_array
                0x0000000008005c74       0x2c /usr/local/Cellar/arm-none-eabi-gcc/10.3-2021.07/gcc/bin/../lib/gcc/arm-none-eabi/10.3.1/../../../../arm-none-eabi/lib/thumb/v7e-m/nofp/libg.a(lib_a-fini.o)
                0x0000000008005c74                __libc_fini_array
 .text.__retarget_lock_acquire_recursive
                0x0000000008005ca0        0x4 /usr/local/Cellar/arm-none-eabi-gcc/10.3-2021.07/gcc/bin/../lib/gcc/arm-none-eabi/10.3.1/../../../../arm-none-eabi/lib/thumb/v7e-m/nofp/libg.a(lib_a-lock.o)
                0x0000000008005ca0                __retarget_lock_acquire_recursive
 .text.__retarget_lock_release_recursive
                0x0000000008005ca4        0x4 /usr/local/Cellar/arm-none-eabi-gcc/10.3-2021.07/gcc/bin/../lib/gcc/arm-none-eabi/10.3.1/../../../../arm-none-eabi/lib/thumb/v7e-m/nofp/libg.a(lib_a-lock.o)
                0x0000000008005ca4                __retarget_lock_release_recursive
 .text.__register_exitproc
                0x0000000008005ca8       0x8c /usr/local/Cellar/arm-none-eabi-gcc/10.3-2021.07/gcc/bin/../lib/gcc/arm-none-eabi/10.3.1/../../../../arm-none-eabi/lib/thumb/v7e-m/nofp/libg.a(lib_a-__atexit.o)
                0x0000000008005ca8                __register_exitproc
 .text.cos      0x0000000008005d34       0xa0 /usr/local/Cellar/arm-none-eabi-gcc/10.3-2021.07/gcc/bin/../lib/gcc/arm-none-eabi/10.3.1/../../../../arm-none-eabi/lib/thumb/v7e-m/nofp/libm.a(lib_a-s_cos.o)
                0x0000000008005d34                cos
 .text.sin      0x0000000008005dd4       0xb0 /usr/local/Cellar/arm-none-eabi-gcc/10.3-2021.07/gcc/bin/../lib/gcc/arm-none-eabi/10.3.1/../../../../arm-none-eabi/lib/thumb/v7e-m/nofp/libm.a(lib_a-s_sin.o)
                0x0000000008005dd4                sin
 *fill*         0x0000000008005e84        0x4 
 .text.__ieee754_rem_pio2
                0x0000000008005e88      0x454 /usr/local/Cellar/arm-none-eabi-gcc/10.3-2021.07/gcc/bin/../lib/gcc/arm-none-eabi/10.3.1/../../../../arm-none-eabi/lib/thumb/v7e-m/nofp/libm.a(lib_a-e_rem_pio2.o)
                0x0000000008005e88                __ieee754_rem_pio2
 *fill*         0x00000000080062dc        0x4 
 .text.__kernel_cos
                0x00000000080062e0      0x260 /usr/local/Cellar/arm-none-eabi-gcc/10.3-2021.07/gcc/bin/../lib/gcc/arm-none-eabi/10.3.1/../../../../arm-none-eabi/lib/thumb/v7e-m/nofp/libm.a(lib_a-k_cos.o)
                0x00000000080062e0                __kernel_cos
 .text.__kernel_rem_pio2
                0x0000000008006540      0x850 /usr/local/Cellar/arm-none-eabi-gcc/10.3-2021.07/gcc/bin/../lib/gcc/arm-none-eabi/10.3.1/../../../../arm-none-eabi/lib/thumb/v7e-m/nofp/libm.a(lib_a-k_rem_pio2.o)
                0x0000000008006540                __kernel_rem_pio2
 .text.__kernel_sin
                0x0000000008006d90      0x184 /usr/local/Cellar/arm-none-eabi-gcc/10.3-2021.07/gcc/bin/../lib/gcc/arm-none-eabi/10.3.1/../../../../arm-none-eabi/lib/thumb/v7e-m/nofp/libm.a(lib_a-k_sin.o)
                0x0000000008006d90                __kernel_sin
 .text.fabs     0x0000000008006f14        0x8 /usr/local/Cellar/arm-none-eabi-gcc/10.3-2021.07/gcc/bin/../lib/gcc/arm-none-eabi/10.3.1/../../../../arm-none-eabi/lib/thumb/v7e-m/nofp/libm.a(lib_a-s_fabs.o)
                0x0000000008006f14                fabs
 *fill*         0x0000000008006f1c        0x4 
 .text.floor    0x0000000008006f20       0xf8 /usr/local/Cellar/arm-none-eabi-gcc/10.3-2021.07/gcc/bin/../lib/gcc/arm-none-eabi/10.3.1/../../../../arm-none-eabi/lib/thumb/v7e-m/nofp/libm.a(lib_a-s_floor.o)
                0x0000000008006f20                floor
 .text.scalbn   0x0000000008007018       0xf4 /usr/local/Cellar/arm-none-eabi-gcc/10.3-2021.07/gcc/bin/../lib/gcc/arm-none-eabi/10.3.1/../../../../arm-none-eabi/lib/thumb/v7e-m/nofp/libm.a(lib_a-s_scalbn.o)
                0x0000000008007018                scalbn
 *(.glue_7)
 .glue_7        0x000000000800710c        0x0 linker stubs
 *(.glue_7t)
 .glue_7t       0x000000000800710c        0x0 linker stubs
 *(.eh_frame)
 .eh_frame      0x000000000800710c        0x0 /usr/local/Cellar/arm-none-eabi-gcc/10.3-2021.07/gcc/bin/../lib/gcc/arm-none-eabi/10.3.1/thumb/v7e-m/nofp/crtbegin.o
 *(.init)
 .init          0x000000000800710c        0x4 /usr/local/Cellar/arm-none-eabi-gcc/10.3-2021.07/gcc/bin/../lib/gcc/arm-none-eabi/10.3.1/thumb/v7e-m/nofp/crti.o
                0x000000000800710c                _init
 .init          0x0000000008007110        0x8 /usr/local/Cellar/arm-none-eabi-gcc/10.3-2021.07/gcc/bin/../lib/gcc/arm-none-eabi/10.3.1/thumb/v7e-m/nofp/crtn.o
 *(.fini)
 .fini          0x0000000008007118        0x4 /usr/local/Cellar/arm-none-eabi-gcc/10.3-2021.07/gcc/bin/../lib/gcc/arm-none-eabi/10.3.1/thumb/v7e-m/nofp/crti.o
                0x0000000008007118                _fini
 .fini          0x000000000800711c        0x8 /usr/local/Cellar/arm-none-eabi-gcc/10.3-2021.07/gcc/bin/../lib/gcc/arm-none-eabi/10.3.1/thumb/v7e-m/nofp/crtn.o
                0x0000000008007124                . = ALIGN (0x4)
                0x0000000008007124                _etext = .

.vfp11_veneer   0x0000000008007124        0x0
 .vfp11_veneer  0x0000000008007124        0x0 linker stubs

.v4_bx          0x0000000008007124        0x0
 .v4_bx         0x0000000008007124        0x0 linker stubs

.iplt           0x0000000008007124        0x0
 .iplt          0x0000000008007124        0x0 /usr/local/Cellar/arm-none-eabi-gcc/10.3-2021.07/gcc/bin/../lib/gcc/arm-none-eabi/10.3.1/thumb/v7e-m/nofp/crtbegin.o

.rodata         0x0000000008007128    0x16448
                0x0000000008007128                . = ALIGN (0x4)
 *(.rodata)
 *(.rodata*)
 .rodata.lg     0x0000000008007128    0x15f90 CMakeFiles/lg-h7b0-ltdc.elf.dir/Core/Src/lgb-logo-rbgdata.c.obj
                0x0000000008007128                lg
 .rodata.font8x8
                0x000000000801d0b8       0x68 CMakeFiles/lg-h7b0-ltdc.elf.dir/Core/Src/main.c.obj
                0x000000000801d0b8                font8x8
 .rodata.D1CorePrescTable
                0x000000000801d120       0x10 CMakeFiles/lg-h7b0-ltdc.elf.dir/Core/Src/system_stm32h7xx.c.obj
                0x000000000801d120                D1CorePrescTable
 .rodata.JPEG_ACCHROM_HuffTable
                0x000000000801d130       0xb2 CMakeFiles/lg-h7b0-ltdc.elf.dir/Drivers/STM32H7xx_HAL_Driver/Src/stm32h7xx_hal_jpeg.c.obj
 *fill*         0x000000000801d1e2        0x2 
 .rodata.JPEG_ACLUM_HuffTable
                0x000000000801d1e4       0xb2 CMakeFiles/lg-h7b0-ltdc.elf.dir/Drivers/STM32H7xx_HAL_Driver/Src/stm32h7xx_hal_jpeg.c.obj
 *fill*         0x000000000801d296        0x2 
 .rodata.JPEG_CHROM_QuantTable.0
                0x000000000801d298       0x40 CMakeFiles/lg-h7b0-ltdc.elf.dir/Drivers/STM32H7xx_HAL_Driver/Src/stm32h7xx_hal_jpeg.c.obj
 .rodata.JPEG_DCCHROM_HuffTable
                0x000000000801d2d8       0x1c CMakeFiles/lg-h7b0-ltdc.elf.dir/Drivers/STM32H7xx_HAL_Driver/Src/stm32h7xx_hal_jpeg.c.obj
 .rodata.JPEG_DCLUM_HuffTable
                0x000000000801d2f4       0x1c CMakeFiles/lg-h7b0-ltdc.elf.dir/Drivers/STM32H7xx_HAL_Driver/Src/stm32h7xx_hal_jpeg.c.obj
 .rodata.JPEG_LUM_QuantTable.1
                0x000000000801d310       0x40 CMakeFiles/lg-h7b0-ltdc.elf.dir/Drivers/STM32H7xx_HAL_Driver/Src/stm32h7xx_hal_jpeg.c.obj
 .rodata.JPEG_ZIGZAG_ORDER
                0x000000000801d350       0x40 CMakeFiles/lg-h7b0-ltdc.elf.dir/Drivers/STM32H7xx_HAL_Driver/Src/stm32h7xx_hal_jpeg.c.obj
 .rodata._global_impure_ptr
                0x000000000801d390        0x4 /usr/local/Cellar/arm-none-eabi-gcc/10.3-2021.07/gcc/bin/../lib/gcc/arm-none-eabi/10.3.1/../../../../arm-none-eabi/lib/thumb/v7e-m/nofp/libg.a(lib_a-impure.o)
                0x000000000801d390                _global_impure_ptr
 .rodata.npio2_hw
                0x000000000801d394       0x80 /usr/local/Cellar/arm-none-eabi-gcc/10.3-2021.07/gcc/bin/../lib/gcc/arm-none-eabi/10.3.1/../../../../arm-none-eabi/lib/thumb/v7e-m/nofp/libm.a(lib_a-e_rem_pio2.o)
 .rodata.two_over_pi
                0x000000000801d414      0x108 /usr/local/Cellar/arm-none-eabi-gcc/10.3-2021.07/gcc/bin/../lib/gcc/arm-none-eabi/10.3.1/../../../../arm-none-eabi/lib/thumb/v7e-m/nofp/libm.a(lib_a-e_rem_pio2.o)
 *fill*         0x000000000801d51c        0x4 
 .rodata.PIo2   0x000000000801d520       0x40 /usr/local/Cellar/arm-none-eabi-gcc/10.3-2021.07/gcc/bin/../lib/gcc/arm-none-eabi/10.3.1/../../../../arm-none-eabi/lib/thumb/v7e-m/nofp/libm.a(lib_a-k_rem_pio2.o)
 .rodata.init_jk
                0x000000000801d560       0x10 /usr/local/Cellar/arm-none-eabi-gcc/10.3-2021.07/gcc/bin/../lib/gcc/arm-none-eabi/10.3.1/../../../../arm-none-eabi/lib/thumb/v7e-m/nofp/libm.a(lib_a-k_rem_pio2.o)
                0x000000000801d570                . = ALIGN (0x4)

.rel.dyn        0x000000000801d570        0x0
 .rel.iplt      0x000000000801d570        0x0 /usr/local/Cellar/arm-none-eabi-gcc/10.3-2021.07/gcc/bin/../lib/gcc/arm-none-eabi/10.3.1/thumb/v7e-m/nofp/crtbegin.o

.ARM.extab
 *(.ARM.extab* .gnu.linkonce.armextab.*)

.ARM            0x000000000801d570        0x0
                0x000000000801d570                __exidx_start = .
 *(.ARM.exidx*)
                0x000000000801d570                __exidx_end = .

.preinit_array  0x000000000801d570        0x0
                0x000000000801d570                PROVIDE (__preinit_array_start = .)
 *(.preinit_array*)
                0x000000000801d570                PROVIDE (__preinit_array_end = .)

.init_array     0x000000000801d570        0x8
                0x000000000801d570                PROVIDE (__init_array_start = .)
 *(SORT_BY_NAME(.init_array.*))
 .init_array.00000
                0x000000000801d570        0x4 /usr/local/Cellar/arm-none-eabi-gcc/10.3-2021.07/gcc/bin/../lib/gcc/arm-none-eabi/10.3.1/../../../../arm-none-eabi/lib/thumb/v7e-m/nofp/libg.a(lib_a-__call_atexit.o)
 *(.init_array*)
 .init_array    0x000000000801d574        0x4 /usr/local/Cellar/arm-none-eabi-gcc/10.3-2021.07/gcc/bin/../lib/gcc/arm-none-eabi/10.3.1/thumb/v7e-m/nofp/crtbegin.o
                0x000000000801d578                PROVIDE (__init_array_end = .)

.fini_array     0x000000000801d578        0x4
                0x000000000801d578                PROVIDE (__fini_array_start = .)
 *(SORT_BY_NAME(.fini_array.*))
 *(.fini_array*)
 .fini_array    0x000000000801d578        0x4 /usr/local/Cellar/arm-none-eabi-gcc/10.3-2021.07/gcc/bin/../lib/gcc/arm-none-eabi/10.3.1/thumb/v7e-m/nofp/crtbegin.o
                0x000000000801d57c                PROVIDE (__fini_array_end = .)
                0x000000000801d57c                _sidata = LOADADDR (.data)

.data           0x0000000024000000      0x44c load address 0x000000000801d57c
                0x0000000024000000                . = ALIGN (0x4)
                0x0000000024000000                _sdata = .
 *(.data)
 *(.data*)
 .data.lgHeight
                0x0000000024000000        0x4 CMakeFiles/lg-h7b0-ltdc.elf.dir/Core/Src/lgb-logo-rbgdata.c.obj
                0x0000000024000000                lgHeight
 .data.lgWidth  0x0000000024000004        0x4 CMakeFiles/lg-h7b0-ltdc.elf.dir/Core/Src/lgb-logo-rbgdata.c.obj
                0x0000000024000004                lgWidth
 .data.centerX  0x0000000024000008        0x4 CMakeFiles/lg-h7b0-ltdc.elf.dir/Core/Src/main.c.obj
                0x0000000024000008                centerX
 .data.centerY  0x000000002400000c        0x4 CMakeFiles/lg-h7b0-ltdc.elf.dir/Core/Src/main.c.obj
                0x000000002400000c                centerY
 .data.SystemCoreClock
                0x0000000024000010        0x4 CMakeFiles/lg-h7b0-ltdc.elf.dir/Core/Src/system_stm32h7xx.c.obj
                0x0000000024000010                SystemCoreClock
 .data.SystemD2Clock
                0x0000000024000014        0x4 CMakeFiles/lg-h7b0-ltdc.elf.dir/Core/Src/system_stm32h7xx.c.obj
                0x0000000024000014                SystemD2Clock
 .data.uwTickFreq
                0x0000000024000018        0x1 CMakeFiles/lg-h7b0-ltdc.elf.dir/Drivers/STM32H7xx_HAL_Driver/Src/stm32h7xx_hal.c.obj
                0x0000000024000018                uwTickFreq
 *fill*         0x0000000024000019        0x3 
 .data.uwTickPrio
                0x000000002400001c        0x4 CMakeFiles/lg-h7b0-ltdc.elf.dir/Drivers/STM32H7xx_HAL_Driver/Src/stm32h7xx_hal.c.obj
                0x000000002400001c                uwTickPrio
 .data.impure_data
                0x0000000024000020      0x428 /usr/local/Cellar/arm-none-eabi-gcc/10.3-2021.07/gcc/bin/../lib/gcc/arm-none-eabi/10.3.1/../../../../arm-none-eabi/lib/thumb/v7e-m/nofp/libg.a(lib_a-impure.o)
 .data.__atexit_recursive_mutex
                0x0000000024000448        0x4 /usr/local/Cellar/arm-none-eabi-gcc/10.3-2021.07/gcc/bin/../lib/gcc/arm-none-eabi/10.3.1/../../../../arm-none-eabi/lib/thumb/v7e-m/nofp/libg.a(lib_a-__call_atexit.o)
                0x0000000024000448                __atexit_recursive_mutex
 *(.RamFunc)
 *(.RamFunc*)
                0x000000002400044c                . = ALIGN (0x4)
                0x000000002400044c                _edata = .

.igot.plt       0x000000002400044c        0x0 load address 0x000000000801d9c8
 .igot.plt      0x000000002400044c        0x0 /usr/local/Cellar/arm-none-eabi-gcc/10.3-2021.07/gcc/bin/../lib/gcc/arm-none-eabi/10.3.1/thumb/v7e-m/nofp/crtbegin.o
                0x000000002400044c                . = ALIGN (0x4)

.bss            0x000000002400044c    0xfdf44 load address 0x000000000801d9c8
                0x000000002400044c                _sbss = .
                0x000000002400044c                __bss_start__ = _sbss
 *(.bss)
 .bss           0x000000002400044c       0x1c /usr/local/Cellar/arm-none-eabi-gcc/10.3-2021.07/gcc/bin/../lib/gcc/arm-none-eabi/10.3.1/thumb/v7e-m/nofp/crtbegin.o
 *(.bss*)
 .bss.hjpeg     0x0000000024000468       0x58 CMakeFiles/lg-h7b0-ltdc.elf.dir/Core/Src/jpeg.c.obj
                0x0000000024000468                hjpeg
 .bss.displayData
                0x00000000240004c0    0xfd200 CMakeFiles/lg-h7b0-ltdc.elf.dir/Core/Src/lgb-logo-rbgdata.c.obj
                0x00000000240004c0                displayData
 .bss.hltdc     0x00000000240fd6c0       0xa8 CMakeFiles/lg-h7b0-ltdc.elf.dir/Core/Src/ltdc.c.obj
                0x00000000240fd6c0                hltdc
 .bss.color     0x00000000240fd768        0x4 CMakeFiles/lg-h7b0-ltdc.elf.dir/Core/Src/main.c.obj
                0x00000000240fd768                color
 .bss.cosineLUT
                0x00000000240fd76c      0x5a0 CMakeFiles/lg-h7b0-ltdc.elf.dir/Core/Src/main.c.obj
                0x00000000240fd76c                cosineLUT
 .bss.fps       0x00000000240fdd0c        0x4 CMakeFiles/lg-h7b0-ltdc.elf.dir/Core/Src/main.c.obj
                0x00000000240fdd0c                fps
 .bss.hue       0x00000000240fdd10        0x4 CMakeFiles/lg-h7b0-ltdc.elf.dir/Core/Src/main.c.obj
                0x00000000240fdd10                hue
 .bss.sineLUT   0x00000000240fdd14      0x5a0 CMakeFiles/lg-h7b0-ltdc.elf.dir/Core/Src/main.c.obj
                0x00000000240fdd14                sineLUT
 .bss.hspi4     0x00000000240fe2b4       0x88 CMakeFiles/lg-h7b0-ltdc.elf.dir/Core/Src/spi.c.obj
                0x00000000240fe2b4                hspi4
 .bss.htim2     0x00000000240fe33c       0x4c CMakeFiles/lg-h7b0-ltdc.elf.dir/Core/Src/tim.c.obj
                0x00000000240fe33c                htim2
 .bss.uwTick    0x00000000240fe388        0x4 CMakeFiles/lg-h7b0-ltdc.elf.dir/Drivers/STM32H7xx_HAL_Driver/Src/stm32h7xx_hal.c.obj
                0x00000000240fe388                uwTick
 .bss.__lock___atexit_recursive_mutex
                0x00000000240fe38c        0x1 /usr/local/Cellar/arm-none-eabi-gcc/10.3-2021.07/gcc/bin/../lib/gcc/arm-none-eabi/10.3.1/../../../../arm-none-eabi/lib/thumb/v7e-m/nofp/libg.a(lib_a-lock.o)
                0x00000000240fe38c                __lock___atexit_recursive_mutex
 *(COMMON)
                0x00000000240fe390                . = ALIGN (0x4)
 *fill*         0x00000000240fe38d        0x3 
                0x00000000240fe390                _ebss = .
                0x00000000240fe390                __bss_end__ = _ebss

._user_heap_stack
                0x00000000240fe390      0x600 load address 0x000000000801d9c8
                0x00000000240fe390                . = ALIGN (0x8)
                [!provide]                        PROVIDE (end = .)
                0x00000000240fe390                PROVIDE (_end = .)
                0x00000000240fe590                . = (. + _Min_Heap_Size)
 *fill*         0x00000000240fe390      0x200 
                0x00000000240fe990                . = (. + _Min_Stack_Size)
 *fill*         0x00000000240fe590      0x400 
                0x00000000240fe990                . = ALIGN (0x8)

/DISCARD/
 libc.a(*)
 libm.a(*)
 libgcc.a(*)

.ARM.attributes
                0x0000000000000000       0x2a
 *(.ARM.attributes)
 .ARM.attributes
                0x0000000000000000       0x1e /usr/local/Cellar/arm-none-eabi-gcc/10.3-2021.07/gcc/bin/../lib/gcc/arm-none-eabi/10.3.1/thumb/v7e-m/nofp/crti.o
 .ARM.attributes
                0x000000000000001e       0x2e /usr/local/Cellar/arm-none-eabi-gcc/10.3-2021.07/gcc/bin/../lib/gcc/arm-none-eabi/10.3.1/thumb/v7e-m/nofp/crtbegin.o
 .ARM.attributes
                0x000000000000004c       0x2e CMakeFiles/lg-h7b0-ltdc.elf.dir/Core/Src/gpio.c.obj
 .ARM.attributes
                0x000000000000007a       0x2e CMakeFiles/lg-h7b0-ltdc.elf.dir/Core/Src/jpeg.c.obj
 .ARM.attributes
                0x00000000000000a8       0x33 CMakeFiles/lg-h7b0-ltdc.elf.dir/Core/Src/lgb-logo-rbgdata.c.obj
 .ARM.attributes
                0x00000000000000db       0x2e CMakeFiles/lg-h7b0-ltdc.elf.dir/Core/Src/ltdc.c.obj
 .ARM.attributes
                0x0000000000000109       0x2e CMakeFiles/lg-h7b0-ltdc.elf.dir/Core/Src/main.c.obj
 .ARM.attributes
                0x0000000000000137       0x2e CMakeFiles/lg-h7b0-ltdc.elf.dir/Core/Src/spi.c.obj
 .ARM.attributes
                0x0000000000000165       0x2e CMakeFiles/lg-h7b0-ltdc.elf.dir/Core/Src/stm32h7xx_hal_msp.c.obj
 .ARM.attributes
                0x0000000000000193       0x2e CMakeFiles/lg-h7b0-ltdc.elf.dir/Core/Src/stm32h7xx_it.c.obj
 .ARM.attributes
                0x00000000000001c1       0x2e CMakeFiles/lg-h7b0-ltdc.elf.dir/Core/Src/system_stm32h7xx.c.obj
 .ARM.attributes
                0x00000000000001ef       0x2e CMakeFiles/lg-h7b0-ltdc.elf.dir/Core/Src/tim.c.obj
 .ARM.attributes
                0x000000000000021d       0x21 CMakeFiles/lg-h7b0-ltdc.elf.dir/Core/Startup/startup_stm32h7b0vbtx.s.obj
 .ARM.attributes
                0x000000000000023e       0x2e CMakeFiles/lg-h7b0-ltdc.elf.dir/Drivers/STM32H7xx_HAL_Driver/Src/stm32h7xx_hal.c.obj
 .ARM.attributes
                0x000000000000026c       0x2e CMakeFiles/lg-h7b0-ltdc.elf.dir/Drivers/STM32H7xx_HAL_Driver/Src/stm32h7xx_hal_cortex.c.obj
 .ARM.attributes
                0x000000000000029a       0x2e CMakeFiles/lg-h7b0-ltdc.elf.dir/Drivers/STM32H7xx_HAL_Driver/Src/stm32h7xx_hal_gpio.c.obj
 .ARM.attributes
                0x00000000000002c8       0x2e CMakeFiles/lg-h7b0-ltdc.elf.dir/Drivers/STM32H7xx_HAL_Driver/Src/stm32h7xx_hal_jpeg.c.obj
 .ARM.attributes
                0x00000000000002f6       0x2e CMakeFiles/lg-h7b0-ltdc.elf.dir/Drivers/STM32H7xx_HAL_Driver/Src/stm32h7xx_hal_ltdc.c.obj
 .ARM.attributes
                0x0000000000000324       0x2e CMakeFiles/lg-h7b0-ltdc.elf.dir/Drivers/STM32H7xx_HAL_Driver/Src/stm32h7xx_hal_mdma.c.obj
 .ARM.attributes
                0x0000000000000352       0x2e CMakeFiles/lg-h7b0-ltdc.elf.dir/Drivers/STM32H7xx_HAL_Driver/Src/stm32h7xx_hal_pwr_ex.c.obj
 .ARM.attributes
                0x0000000000000380       0x2e CMakeFiles/lg-h7b0-ltdc.elf.dir/Drivers/STM32H7xx_HAL_Driver/Src/stm32h7xx_hal_rcc.c.obj
 .ARM.attributes
                0x00000000000003ae       0x2e CMakeFiles/lg-h7b0-ltdc.elf.dir/Drivers/STM32H7xx_HAL_Driver/Src/stm32h7xx_hal_rcc_ex.c.obj
 .ARM.attributes
                0x00000000000003dc       0x2e CMakeFiles/lg-h7b0-ltdc.elf.dir/Drivers/STM32H7xx_HAL_Driver/Src/stm32h7xx_hal_spi.c.obj
 .ARM.attributes
                0x000000000000040a       0x2e CMakeFiles/lg-h7b0-ltdc.elf.dir/Drivers/STM32H7xx_HAL_Driver/Src/stm32h7xx_hal_tim.c.obj
 .ARM.attributes
                0x0000000000000438       0x2e CMakeFiles/lg-h7b0-ltdc.elf.dir/Drivers/STM32H7xx_HAL_Driver/Src/stm32h7xx_hal_tim_ex.c.obj
 .ARM.attributes
                0x0000000000000466       0x1e /usr/local/Cellar/arm-none-eabi-gcc/10.3-2021.07/gcc/bin/../lib/gcc/arm-none-eabi/10.3.1/thumb/v7e-m/nofp/libgcc.a(_arm_addsubdf3.o)
 .ARM.attributes
                0x0000000000000484       0x1e /usr/local/Cellar/arm-none-eabi-gcc/10.3-2021.07/gcc/bin/../lib/gcc/arm-none-eabi/10.3.1/thumb/v7e-m/nofp/libgcc.a(_arm_muldivdf3.o)
 .ARM.attributes
                0x00000000000004a2       0x1e /usr/local/Cellar/arm-none-eabi-gcc/10.3-2021.07/gcc/bin/../lib/gcc/arm-none-eabi/10.3.1/thumb/v7e-m/nofp/libgcc.a(_arm_fixdfsi.o)
 .ARM.attributes
                0x00000000000004c0       0x1e /usr/local/Cellar/arm-none-eabi-gcc/10.3-2021.07/gcc/bin/../lib/gcc/arm-none-eabi/10.3.1/thumb/v7e-m/nofp/libgcc.a(_arm_truncdfsf2.o)
 .ARM.attributes
                0x00000000000004de       0x1e /usr/local/Cellar/arm-none-eabi-gcc/10.3-2021.07/gcc/bin/../lib/gcc/arm-none-eabi/10.3.1/thumb/v7e-m/nofp/libgcc.a(_arm_addsubsf3.o)
 .ARM.attributes
                0x00000000000004fc       0x1e /usr/local/Cellar/arm-none-eabi-gcc/10.3-2021.07/gcc/bin/../lib/gcc/arm-none-eabi/10.3.1/thumb/v7e-m/nofp/libgcc.a(_arm_muldivsf3.o)
 .ARM.attributes
                0x000000000000051a       0x1e /usr/local/Cellar/arm-none-eabi-gcc/10.3-2021.07/gcc/bin/../lib/gcc/arm-none-eabi/10.3.1/thumb/v7e-m/nofp/libgcc.a(_arm_cmpsf2.o)
 .ARM.attributes
                0x0000000000000538       0x1e /usr/local/Cellar/arm-none-eabi-gcc/10.3-2021.07/gcc/bin/../lib/gcc/arm-none-eabi/10.3.1/thumb/v7e-m/nofp/libgcc.a(_arm_fixsfsi.o)
 .ARM.attributes
                0x0000000000000556       0x1e /usr/local/Cellar/arm-none-eabi-gcc/10.3-2021.07/gcc/bin/../lib/gcc/arm-none-eabi/10.3.1/thumb/v7e-m/nofp/libgcc.a(_arm_fixunssfsi.o)
 .ARM.attributes
                0x0000000000000574       0x2e /usr/local/Cellar/arm-none-eabi-gcc/10.3-2021.07/gcc/bin/../lib/gcc/arm-none-eabi/10.3.1/../../../../arm-none-eabi/lib/thumb/v7e-m/nofp/libg.a(lib_a-impure.o)
 .ARM.attributes
                0x00000000000005a2       0x2e /usr/local/Cellar/arm-none-eabi-gcc/10.3-2021.07/gcc/bin/../lib/gcc/arm-none-eabi/10.3.1/../../../../arm-none-eabi/lib/thumb/v7e-m/nofp/libg.a(lib_a-init.o)
 .ARM.attributes
                0x00000000000005d0       0x2e /usr/local/Cellar/arm-none-eabi-gcc/10.3-2021.07/gcc/bin/../lib/gcc/arm-none-eabi/10.3.1/../../../../arm-none-eabi/lib/thumb/v7e-m/nofp/libg.a(lib_a-memset.o)
 .ARM.attributes
                0x00000000000005fe       0x2e /usr/local/Cellar/arm-none-eabi-gcc/10.3-2021.07/gcc/bin/../lib/gcc/arm-none-eabi/10.3.1/../../../../arm-none-eabi/lib/thumb/v7e-m/nofp/libg.a(lib_a-__call_atexit.o)
 .ARM.attributes
                0x000000000000062c       0x2e /usr/local/Cellar/arm-none-eabi-gcc/10.3-2021.07/gcc/bin/../lib/gcc/arm-none-eabi/10.3.1/../../../../arm-none-eabi/lib/thumb/v7e-m/nofp/libg.a(lib_a-atexit.o)
 .ARM.attributes
                0x000000000000065a       0x2e /usr/local/Cellar/arm-none-eabi-gcc/10.3-2021.07/gcc/bin/../lib/gcc/arm-none-eabi/10.3.1/../../../../arm-none-eabi/lib/thumb/v7e-m/nofp/libg.a(lib_a-fini.o)
 .ARM.attributes
                0x0000000000000688       0x2e /usr/local/Cellar/arm-none-eabi-gcc/10.3-2021.07/gcc/bin/../lib/gcc/arm-none-eabi/10.3.1/../../../../arm-none-eabi/lib/thumb/v7e-m/nofp/libg.a(lib_a-lock.o)
 .ARM.attributes
                0x00000000000006b6       0x2e /usr/local/Cellar/arm-none-eabi-gcc/10.3-2021.07/gcc/bin/../lib/gcc/arm-none-eabi/10.3.1/../../../../arm-none-eabi/lib/thumb/v7e-m/nofp/libg.a(lib_a-__atexit.o)
 .ARM.attributes
                0x00000000000006e4       0x1e /usr/local/Cellar/arm-none-eabi-gcc/10.3-2021.07/gcc/bin/../lib/gcc/arm-none-eabi/10.3.1/thumb/v7e-m/nofp/crtn.o
OUTPUT(lg-h7b0-ltdc.elf elf32-littlearm)
LOAD linker stubs
LOAD /usr/local/Cellar/arm-none-eabi-gcc/10.3-2021.07/gcc/bin/../lib/gcc/arm-none-eabi/10.3.1/../../../../arm-none-eabi/lib/thumb/v7e-m/nofp/libc.a
LOAD /usr/local/Cellar/arm-none-eabi-gcc/10.3-2021.07/gcc/bin/../lib/gcc/arm-none-eabi/10.3.1/../../../../arm-none-eabi/lib/thumb/v7e-m/nofp/libm.a
LOAD /usr/local/Cellar/arm-none-eabi-gcc/10.3-2021.07/gcc/bin/../lib/gcc/arm-none-eabi/10.3.1/thumb/v7e-m/nofp/libgcc.a

.debug_info     0x0000000000000000    0x1e441
 .debug_info    0x0000000000000000      0x74e CMakeFiles/lg-h7b0-ltdc.elf.dir/Core/Src/gpio.c.obj
 .debug_info    0x000000000000074e     0x1162 CMakeFiles/lg-h7b0-ltdc.elf.dir/Core/Src/jpeg.c.obj
 .debug_info    0x00000000000018b0      0x111 CMakeFiles/lg-h7b0-ltdc.elf.dir/Core/Src/lgb-logo-rbgdata.c.obj
 .debug_info    0x00000000000019c1     0x152d CMakeFiles/lg-h7b0-ltdc.elf.dir/Core/Src/ltdc.c.obj
 .debug_info    0x0000000000002eee     0x2f62 CMakeFiles/lg-h7b0-ltdc.elf.dir/Core/Src/main.c.obj
 .debug_info    0x0000000000005e50     0x113e CMakeFiles/lg-h7b0-ltdc.elf.dir/Core/Src/spi.c.obj
 .debug_info    0x0000000000006f8e      0x4c8 CMakeFiles/lg-h7b0-ltdc.elf.dir/Core/Src/stm32h7xx_hal_msp.c.obj
 .debug_info    0x0000000000007456     0x1460 CMakeFiles/lg-h7b0-ltdc.elf.dir/Core/Src/stm32h7xx_it.c.obj
 .debug_info    0x00000000000088b6      0xa78 CMakeFiles/lg-h7b0-ltdc.elf.dir/Core/Src/system_stm32h7xx.c.obj
 .debug_info    0x000000000000932e     0x1168 CMakeFiles/lg-h7b0-ltdc.elf.dir/Core/Src/tim.c.obj
 .debug_info    0x000000000000a496       0x22 CMakeFiles/lg-h7b0-ltdc.elf.dir/Core/Startup/startup_stm32h7b0vbtx.s.obj
 .debug_info    0x000000000000a4b8     0x154c CMakeFiles/lg-h7b0-ltdc.elf.dir/Drivers/STM32H7xx_HAL_Driver/Src/stm32h7xx_hal.c.obj
 .debug_info    0x000000000000ba04     0x13de CMakeFiles/lg-h7b0-ltdc.elf.dir/Drivers/STM32H7xx_HAL_Driver/Src/stm32h7xx_hal_cortex.c.obj
 .debug_info    0x000000000000cde2      0xc25 CMakeFiles/lg-h7b0-ltdc.elf.dir/Drivers/STM32H7xx_HAL_Driver/Src/stm32h7xx_hal_gpio.c.obj
 .debug_info    0x000000000000da07     0x26d4 CMakeFiles/lg-h7b0-ltdc.elf.dir/Drivers/STM32H7xx_HAL_Driver/Src/stm32h7xx_hal_jpeg.c.obj
 .debug_info    0x00000000000100db     0x155d CMakeFiles/lg-h7b0-ltdc.elf.dir/Drivers/STM32H7xx_HAL_Driver/Src/stm32h7xx_hal_ltdc.c.obj
 .debug_info    0x0000000000011638      0xec5 CMakeFiles/lg-h7b0-ltdc.elf.dir/Drivers/STM32H7xx_HAL_Driver/Src/stm32h7xx_hal_mdma.c.obj
 .debug_info    0x00000000000124fd     0x1132 CMakeFiles/lg-h7b0-ltdc.elf.dir/Drivers/STM32H7xx_HAL_Driver/Src/stm32h7xx_hal_pwr_ex.c.obj
 .debug_info    0x000000000001362f     0x13bc CMakeFiles/lg-h7b0-ltdc.elf.dir/Drivers/STM32H7xx_HAL_Driver/Src/stm32h7xx_hal_rcc.c.obj
 .debug_info    0x00000000000149eb     0x1ecb CMakeFiles/lg-h7b0-ltdc.elf.dir/Drivers/STM32H7xx_HAL_Driver/Src/stm32h7xx_hal_rcc_ex.c.obj
 .debug_info    0x00000000000168b6     0x1c3c CMakeFiles/lg-h7b0-ltdc.elf.dir/Drivers/STM32H7xx_HAL_Driver/Src/stm32h7xx_hal_spi.c.obj
 .debug_info    0x00000000000184f2     0x3fcf CMakeFiles/lg-h7b0-ltdc.elf.dir/Drivers/STM32H7xx_HAL_Driver/Src/stm32h7xx_hal_tim.c.obj
 .debug_info    0x000000000001c4c1     0x1f80 CMakeFiles/lg-h7b0-ltdc.elf.dir/Drivers/STM32H7xx_HAL_Driver/Src/stm32h7xx_hal_tim_ex.c.obj

.debug_abbrev   0x0000000000000000     0x3035
 .debug_abbrev  0x0000000000000000      0x192 CMakeFiles/lg-h7b0-ltdc.elf.dir/Core/Src/gpio.c.obj
 .debug_abbrev  0x0000000000000192      0x1fc CMakeFiles/lg-h7b0-ltdc.elf.dir/Core/Src/jpeg.c.obj
 .debug_abbrev  0x000000000000038e       0x8c CMakeFiles/lg-h7b0-ltdc.elf.dir/Core/Src/lgb-logo-rbgdata.c.obj
 .debug_abbrev  0x000000000000041a      0x1ff CMakeFiles/lg-h7b0-ltdc.elf.dir/Core/Src/ltdc.c.obj
 .debug_abbrev  0x0000000000000619      0x4b5 CMakeFiles/lg-h7b0-ltdc.elf.dir/Core/Src/main.c.obj
 .debug_abbrev  0x0000000000000ace      0x215 CMakeFiles/lg-h7b0-ltdc.elf.dir/Core/Src/spi.c.obj
 .debug_abbrev  0x0000000000000ce3       0xe8 CMakeFiles/lg-h7b0-ltdc.elf.dir/Core/Src/stm32h7xx_hal_msp.c.obj
 .debug_abbrev  0x0000000000000dcb      0x1aa CMakeFiles/lg-h7b0-ltdc.elf.dir/Core/Src/stm32h7xx_it.c.obj
 .debug_abbrev  0x0000000000000f75      0x162 CMakeFiles/lg-h7b0-ltdc.elf.dir/Core/Src/system_stm32h7xx.c.obj
 .debug_abbrev  0x00000000000010d7      0x20f CMakeFiles/lg-h7b0-ltdc.elf.dir/Core/Src/tim.c.obj
 .debug_abbrev  0x00000000000012e6       0x12 CMakeFiles/lg-h7b0-ltdc.elf.dir/Core/Startup/startup_stm32h7b0vbtx.s.obj
 .debug_abbrev  0x00000000000012f8      0x264 CMakeFiles/lg-h7b0-ltdc.elf.dir/Drivers/STM32H7xx_HAL_Driver/Src/stm32h7xx_hal.c.obj
 .debug_abbrev  0x000000000000155c      0x37d CMakeFiles/lg-h7b0-ltdc.elf.dir/Drivers/STM32H7xx_HAL_Driver/Src/stm32h7xx_hal_cortex.c.obj
 .debug_abbrev  0x00000000000018d9      0x239 CMakeFiles/lg-h7b0-ltdc.elf.dir/Drivers/STM32H7xx_HAL_Driver/Src/stm32h7xx_hal_gpio.c.obj
 .debug_abbrev  0x0000000000001b12      0x23f CMakeFiles/lg-h7b0-ltdc.elf.dir/Drivers/STM32H7xx_HAL_Driver/Src/stm32h7xx_hal_jpeg.c.obj
 .debug_abbrev  0x0000000000001d51      0x219 CMakeFiles/lg-h7b0-ltdc.elf.dir/Drivers/STM32H7xx_HAL_Driver/Src/stm32h7xx_hal_ltdc.c.obj
 .debug_abbrev  0x0000000000001f6a      0x23a CMakeFiles/lg-h7b0-ltdc.elf.dir/Drivers/STM32H7xx_HAL_Driver/Src/stm32h7xx_hal_mdma.c.obj
 .debug_abbrev  0x00000000000021a4      0x28a CMakeFiles/lg-h7b0-ltdc.elf.dir/Drivers/STM32H7xx_HAL_Driver/Src/stm32h7xx_hal_pwr_ex.c.obj
 .debug_abbrev  0x000000000000242e      0x28c CMakeFiles/lg-h7b0-ltdc.elf.dir/Drivers/STM32H7xx_HAL_Driver/Src/stm32h7xx_hal_rcc.c.obj
 .debug_abbrev  0x00000000000026ba      0x296 CMakeFiles/lg-h7b0-ltdc.elf.dir/Drivers/STM32H7xx_HAL_Driver/Src/stm32h7xx_hal_rcc_ex.c.obj
 .debug_abbrev  0x0000000000002950      0x279 CMakeFiles/lg-h7b0-ltdc.elf.dir/Drivers/STM32H7xx_HAL_Driver/Src/stm32h7xx_hal_spi.c.obj
 .debug_abbrev  0x0000000000002bc9      0x22b CMakeFiles/lg-h7b0-ltdc.elf.dir/Drivers/STM32H7xx_HAL_Driver/Src/stm32h7xx_hal_tim.c.obj
 .debug_abbrev  0x0000000000002df4      0x241 CMakeFiles/lg-h7b0-ltdc.elf.dir/Drivers/STM32H7xx_HAL_Driver/Src/stm32h7xx_hal_tim_ex.c.obj

.debug_aranges  0x0000000000000000     0x1338
 .debug_aranges
                0x0000000000000000       0x20 CMakeFiles/lg-h7b0-ltdc.elf.dir/Core/Src/gpio.c.obj
 .debug_aranges
                0x0000000000000020       0x30 CMakeFiles/lg-h7b0-ltdc.elf.dir/Core/Src/jpeg.c.obj
 .debug_aranges
                0x0000000000000050       0x18 CMakeFiles/lg-h7b0-ltdc.elf.dir/Core/Src/lgb-logo-rbgdata.c.obj
 .debug_aranges
                0x0000000000000068       0x30 CMakeFiles/lg-h7b0-ltdc.elf.dir/Core/Src/ltdc.c.obj
 .debug_aranges
                0x0000000000000098       0xb8 CMakeFiles/lg-h7b0-ltdc.elf.dir/Core/Src/main.c.obj
 .debug_aranges
                0x0000000000000150       0x30 CMakeFiles/lg-h7b0-ltdc.elf.dir/Core/Src/spi.c.obj
 .debug_aranges
                0x0000000000000180       0x20 CMakeFiles/lg-h7b0-ltdc.elf.dir/Core/Src/stm32h7xx_hal_msp.c.obj
 .debug_aranges
                0x00000000000001a0       0x80 CMakeFiles/lg-h7b0-ltdc.elf.dir/Core/Src/stm32h7xx_it.c.obj
 .debug_aranges
                0x0000000000000220       0x28 CMakeFiles/lg-h7b0-ltdc.elf.dir/Core/Src/system_stm32h7xx.c.obj
 .debug_aranges
                0x0000000000000248       0x30 CMakeFiles/lg-h7b0-ltdc.elf.dir/Core/Src/tim.c.obj
 .debug_aranges
                0x0000000000000278       0x28 CMakeFiles/lg-h7b0-ltdc.elf.dir/Core/Startup/startup_stm32h7b0vbtx.s.obj
 .debug_aranges
                0x00000000000002a0      0x1a0 CMakeFiles/lg-h7b0-ltdc.elf.dir/Drivers/STM32H7xx_HAL_Driver/Src/stm32h7xx_hal.c.obj
 .debug_aranges
                0x0000000000000440       0xb0 CMakeFiles/lg-h7b0-ltdc.elf.dir/Drivers/STM32H7xx_HAL_Driver/Src/stm32h7xx_hal_cortex.c.obj
 .debug_aranges
                0x00000000000004f0       0x58 CMakeFiles/lg-h7b0-ltdc.elf.dir/Drivers/STM32H7xx_HAL_Driver/Src/stm32h7xx_hal_gpio.c.obj
 .debug_aranges
                0x0000000000000548      0x1c0 CMakeFiles/lg-h7b0-ltdc.elf.dir/Drivers/STM32H7xx_HAL_Driver/Src/stm32h7xx_hal_jpeg.c.obj
 .debug_aranges
                0x0000000000000708      0x158 CMakeFiles/lg-h7b0-ltdc.elf.dir/Drivers/STM32H7xx_HAL_Driver/Src/stm32h7xx_hal_ltdc.c.obj
 .debug_aranges
                0x0000000000000860       0xc0 CMakeFiles/lg-h7b0-ltdc.elf.dir/Drivers/STM32H7xx_HAL_Driver/Src/stm32h7xx_hal_mdma.c.obj
 .debug_aranges
                0x0000000000000920      0x188 CMakeFiles/lg-h7b0-ltdc.elf.dir/Drivers/STM32H7xx_HAL_Driver/Src/stm32h7xx_hal_pwr_ex.c.obj
 .debug_aranges
                0x0000000000000aa8       0x88 CMakeFiles/lg-h7b0-ltdc.elf.dir/Drivers/STM32H7xx_HAL_Driver/Src/stm32h7xx_hal_rcc.c.obj
 .debug_aranges
                0x0000000000000b30       0xf0 CMakeFiles/lg-h7b0-ltdc.elf.dir/Drivers/STM32H7xx_HAL_Driver/Src/stm32h7xx_hal_rcc_ex.c.obj
 .debug_aranges
                0x0000000000000c20      0x1a0 CMakeFiles/lg-h7b0-ltdc.elf.dir/Drivers/STM32H7xx_HAL_Driver/Src/stm32h7xx_hal_spi.c.obj
 .debug_aranges
                0x0000000000000dc0      0x3e0 CMakeFiles/lg-h7b0-ltdc.elf.dir/Drivers/STM32H7xx_HAL_Driver/Src/stm32h7xx_hal_tim.c.obj
 .debug_aranges
                0x00000000000011a0      0x198 CMakeFiles/lg-h7b0-ltdc.elf.dir/Drivers/STM32H7xx_HAL_Driver/Src/stm32h7xx_hal_tim_ex.c.obj

.debug_ranges   0x0000000000000000     0x13e8
 .debug_ranges  0x0000000000000000       0x10 CMakeFiles/lg-h7b0-ltdc.elf.dir/Core/Src/gpio.c.obj
 .debug_ranges  0x0000000000000010       0x20 CMakeFiles/lg-h7b0-ltdc.elf.dir/Core/Src/jpeg.c.obj
 .debug_ranges  0x0000000000000030       0x20 CMakeFiles/lg-h7b0-ltdc.elf.dir/Core/Src/ltdc.c.obj
 .debug_ranges  0x0000000000000050      0x198 CMakeFiles/lg-h7b0-ltdc.elf.dir/Core/Src/main.c.obj
 .debug_ranges  0x00000000000001e8       0x20 CMakeFiles/lg-h7b0-ltdc.elf.dir/Core/Src/spi.c.obj
 .debug_ranges  0x0000000000000208       0x10 CMakeFiles/lg-h7b0-ltdc.elf.dir/Core/Src/stm32h7xx_hal_msp.c.obj
 .debug_ranges  0x0000000000000218       0x70 CMakeFiles/lg-h7b0-ltdc.elf.dir/Core/Src/stm32h7xx_it.c.obj
 .debug_ranges  0x0000000000000288       0x18 CMakeFiles/lg-h7b0-ltdc.elf.dir/Core/Src/system_stm32h7xx.c.obj
 .debug_ranges  0x00000000000002a0       0x20 CMakeFiles/lg-h7b0-ltdc.elf.dir/Core/Src/tim.c.obj
 .debug_ranges  0x00000000000002c0       0x20 CMakeFiles/lg-h7b0-ltdc.elf.dir/Core/Startup/startup_stm32h7b0vbtx.s.obj
 .debug_ranges  0x00000000000002e0      0x190 CMakeFiles/lg-h7b0-ltdc.elf.dir/Drivers/STM32H7xx_HAL_Driver/Src/stm32h7xx_hal.c.obj
 .debug_ranges  0x0000000000000470      0x100 CMakeFiles/lg-h7b0-ltdc.elf.dir/Drivers/STM32H7xx_HAL_Driver/Src/stm32h7xx_hal_cortex.c.obj
 .debug_ranges  0x0000000000000570       0x48 CMakeFiles/lg-h7b0-ltdc.elf.dir/Drivers/STM32H7xx_HAL_Driver/Src/stm32h7xx_hal_gpio.c.obj
 .debug_ranges  0x00000000000005b8      0x1b0 CMakeFiles/lg-h7b0-ltdc.elf.dir/Drivers/STM32H7xx_HAL_Driver/Src/stm32h7xx_hal_jpeg.c.obj
 .debug_ranges  0x0000000000000768      0x148 CMakeFiles/lg-h7b0-ltdc.elf.dir/Drivers/STM32H7xx_HAL_Driver/Src/stm32h7xx_hal_ltdc.c.obj
 .debug_ranges  0x00000000000008b0       0xb0 CMakeFiles/lg-h7b0-ltdc.elf.dir/Drivers/STM32H7xx_HAL_Driver/Src/stm32h7xx_hal_mdma.c.obj
 .debug_ranges  0x0000000000000960      0x1d8 CMakeFiles/lg-h7b0-ltdc.elf.dir/Drivers/STM32H7xx_HAL_Driver/Src/stm32h7xx_hal_pwr_ex.c.obj
 .debug_ranges  0x0000000000000b38       0xe8 CMakeFiles/lg-h7b0-ltdc.elf.dir/Drivers/STM32H7xx_HAL_Driver/Src/stm32h7xx_hal_rcc.c.obj
 .debug_ranges  0x0000000000000c20       0xe0 CMakeFiles/lg-h7b0-ltdc.elf.dir/Drivers/STM32H7xx_HAL_Driver/Src/stm32h7xx_hal_rcc_ex.c.obj
 .debug_ranges  0x0000000000000d00      0x190 CMakeFiles/lg-h7b0-ltdc.elf.dir/Drivers/STM32H7xx_HAL_Driver/Src/stm32h7xx_hal_spi.c.obj
 .debug_ranges  0x0000000000000e90      0x3d0 CMakeFiles/lg-h7b0-ltdc.elf.dir/Drivers/STM32H7xx_HAL_Driver/Src/stm32h7xx_hal_tim.c.obj
 .debug_ranges  0x0000000000001260      0x188 CMakeFiles/lg-h7b0-ltdc.elf.dir/Drivers/STM32H7xx_HAL_Driver/Src/stm32h7xx_hal_tim_ex.c.obj

.debug_line     0x0000000000000000    0x17a84
 .debug_line    0x0000000000000000      0x270 CMakeFiles/lg-h7b0-ltdc.elf.dir/Core/Src/gpio.c.obj
 .debug_line    0x0000000000000270      0x30b CMakeFiles/lg-h7b0-ltdc.elf.dir/Core/Src/jpeg.c.obj
 .debug_line    0x000000000000057b      0x11b CMakeFiles/lg-h7b0-ltdc.elf.dir/Core/Src/lgb-logo-rbgdata.c.obj
 .debug_line    0x0000000000000696      0x6e7 CMakeFiles/lg-h7b0-ltdc.elf.dir/Core/Src/ltdc.c.obj
 .debug_line    0x0000000000000d7d     0x1219 CMakeFiles/lg-h7b0-ltdc.elf.dir/Core/Src/main.c.obj
 .debug_line    0x0000000000001f96      0x439 CMakeFiles/lg-h7b0-ltdc.elf.dir/Core/Src/spi.c.obj
 .debug_line    0x00000000000023cf      0x1af CMakeFiles/lg-h7b0-ltdc.elf.dir/Core/Src/stm32h7xx_hal_msp.c.obj
 .debug_line    0x000000000000257e      0x3e7 CMakeFiles/lg-h7b0-ltdc.elf.dir/Core/Src/stm32h7xx_it.c.obj
 .debug_line    0x0000000000002965      0x44d CMakeFiles/lg-h7b0-ltdc.elf.dir/Core/Src/system_stm32h7xx.c.obj
 .debug_line    0x0000000000002db2      0x388 CMakeFiles/lg-h7b0-ltdc.elf.dir/Core/Src/tim.c.obj
 .debug_line    0x000000000000313a       0xb0 CMakeFiles/lg-h7b0-ltdc.elf.dir/Core/Startup/startup_stm32h7b0vbtx.s.obj
 .debug_line    0x00000000000031ea      0x975 CMakeFiles/lg-h7b0-ltdc.elf.dir/Drivers/STM32H7xx_HAL_Driver/Src/stm32h7xx_hal.c.obj
 .debug_line    0x0000000000003b5f      0x837 CMakeFiles/lg-h7b0-ltdc.elf.dir/Drivers/STM32H7xx_HAL_Driver/Src/stm32h7xx_hal_cortex.c.obj
 .debug_line    0x0000000000004396      0x738 CMakeFiles/lg-h7b0-ltdc.elf.dir/Drivers/STM32H7xx_HAL_Driver/Src/stm32h7xx_hal_gpio.c.obj
 .debug_line    0x0000000000004ace     0x2cd4 CMakeFiles/lg-h7b0-ltdc.elf.dir/Drivers/STM32H7xx_HAL_Driver/Src/stm32h7xx_hal_jpeg.c.obj
 .debug_line    0x00000000000077a2     0x19ac CMakeFiles/lg-h7b0-ltdc.elf.dir/Drivers/STM32H7xx_HAL_Driver/Src/stm32h7xx_hal_ltdc.c.obj
 .debug_line    0x000000000000914e     0x1501 CMakeFiles/lg-h7b0-ltdc.elf.dir/Drivers/STM32H7xx_HAL_Driver/Src/stm32h7xx_hal_mdma.c.obj
 .debug_line    0x000000000000a64f      0xb63 CMakeFiles/lg-h7b0-ltdc.elf.dir/Drivers/STM32H7xx_HAL_Driver/Src/stm32h7xx_hal_pwr_ex.c.obj
 .debug_line    0x000000000000b1b2     0x1281 CMakeFiles/lg-h7b0-ltdc.elf.dir/Drivers/STM32H7xx_HAL_Driver/Src/stm32h7xx_hal_rcc.c.obj
 .debug_line    0x000000000000c433     0x1c8d CMakeFiles/lg-h7b0-ltdc.elf.dir/Drivers/STM32H7xx_HAL_Driver/Src/stm32h7xx_hal_rcc_ex.c.obj
 .debug_line    0x000000000000e0c0     0x281d CMakeFiles/lg-h7b0-ltdc.elf.dir/Drivers/STM32H7xx_HAL_Driver/Src/stm32h7xx_hal_spi.c.obj
 .debug_line    0x00000000000108dd     0x50a3 CMakeFiles/lg-h7b0-ltdc.elf.dir/Drivers/STM32H7xx_HAL_Driver/Src/stm32h7xx_hal_tim.c.obj
 .debug_line    0x0000000000015980     0x2104 CMakeFiles/lg-h7b0-ltdc.elf.dir/Drivers/STM32H7xx_HAL_Driver/Src/stm32h7xx_hal_tim_ex.c.obj

.debug_str      0x0000000000000000     0x75bf
 .debug_str     0x0000000000000000      0x4b5 CMakeFiles/lg-h7b0-ltdc.elf.dir/Core/Src/gpio.c.obj
                                        0x516 (size before relaxing)
 .debug_str     0x00000000000004b5      0xe68 CMakeFiles/lg-h7b0-ltdc.elf.dir/Core/Src/jpeg.c.obj
                                       0x12fb (size before relaxing)
 .debug_str     0x000000000000131d       0xa1 CMakeFiles/lg-h7b0-ltdc.elf.dir/Core/Src/lgb-logo-rbgdata.c.obj
                                        0x1fb (size before relaxing)
 .debug_str     0x00000000000013be      0x627 CMakeFiles/lg-h7b0-ltdc.elf.dir/Core/Src/ltdc.c.obj
                                       0x13f6 (size before relaxing)
 .debug_str     0x00000000000019e5      0xdd3 CMakeFiles/lg-h7b0-ltdc.elf.dir/Core/Src/main.c.obj
                                       0x1471 (size before relaxing)
 .debug_str     0x00000000000027b8       0x73 CMakeFiles/lg-h7b0-ltdc.elf.dir/Core/Src/spi.c.obj
                                        0xeac (size before relaxing)
 .debug_str     0x000000000000282b       0x54 CMakeFiles/lg-h7b0-ltdc.elf.dir/Core/Src/stm32h7xx_hal_msp.c.obj
                                        0x465 (size before relaxing)
 .debug_str     0x000000000000287f      0x13d CMakeFiles/lg-h7b0-ltdc.elf.dir/Core/Src/stm32h7xx_it.c.obj
                                       0x110a (size before relaxing)
 .debug_str     0x00000000000029bc      0x249 CMakeFiles/lg-h7b0-ltdc.elf.dir/Core/Src/system_stm32h7xx.c.obj
                                        0x6ae (size before relaxing)
 .debug_str     0x0000000000002c05      0x179 CMakeFiles/lg-h7b0-ltdc.elf.dir/Core/Src/tim.c.obj
                                       0x1452 (size before relaxing)
 .debug_str     0x0000000000002d7e       0x5e CMakeFiles/lg-h7b0-ltdc.elf.dir/Core/Startup/startup_stm32h7b0vbtx.s.obj
                                         0x9b (size before relaxing)
 .debug_str     0x0000000000002ddc      0x7d6 CMakeFiles/lg-h7b0-ltdc.elf.dir/Drivers/STM32H7xx_HAL_Driver/Src/stm32h7xx_hal.c.obj
                                       0x14dd (size before relaxing)
 .debug_str     0x00000000000035b2      0x44f CMakeFiles/lg-h7b0-ltdc.elf.dir/Drivers/STM32H7xx_HAL_Driver/Src/stm32h7xx_hal_cortex.c.obj
                                       0x1082 (size before relaxing)
 .debug_str     0x0000000000003a01      0x115 CMakeFiles/lg-h7b0-ltdc.elf.dir/Drivers/STM32H7xx_HAL_Driver/Src/stm32h7xx_hal_gpio.c.obj
                                        0x714 (size before relaxing)
 .debug_str     0x0000000000003b16      0x8b4 CMakeFiles/lg-h7b0-ltdc.elf.dir/Drivers/STM32H7xx_HAL_Driver/Src/stm32h7xx_hal_jpeg.c.obj
                                       0x112d (size before relaxing)
 .debug_str     0x00000000000043ca      0x4c3 CMakeFiles/lg-h7b0-ltdc.elf.dir/Drivers/STM32H7xx_HAL_Driver/Src/stm32h7xx_hal_ltdc.c.obj
                                        0xa14 (size before relaxing)
 .debug_str     0x000000000000488d      0x4b1 CMakeFiles/lg-h7b0-ltdc.elf.dir/Drivers/STM32H7xx_HAL_Driver/Src/stm32h7xx_hal_mdma.c.obj
                                        0xa7f (size before relaxing)
 .debug_str     0x0000000000004d3e      0x690 CMakeFiles/lg-h7b0-ltdc.elf.dir/Drivers/STM32H7xx_HAL_Driver/Src/stm32h7xx_hal_pwr_ex.c.obj
                                        0xb4d (size before relaxing)
 .debug_str     0x00000000000053ce      0x1ba CMakeFiles/lg-h7b0-ltdc.elf.dir/Drivers/STM32H7xx_HAL_Driver/Src/stm32h7xx_hal_rcc.c.obj
                                        0xae0 (size before relaxing)
 .debug_str     0x0000000000005588      0x5bb CMakeFiles/lg-h7b0-ltdc.elf.dir/Drivers/STM32H7xx_HAL_Driver/Src/stm32h7xx_hal_rcc_ex.c.obj
                                        0xf76 (size before relaxing)
 .debug_str     0x0000000000005b43      0x569 CMakeFiles/lg-h7b0-ltdc.elf.dir/Drivers/STM32H7xx_HAL_Driver/Src/stm32h7xx_hal_spi.c.obj
                                        0xe03 (size before relaxing)
 .debug_str     0x00000000000060ac      0xe7c CMakeFiles/lg-h7b0-ltdc.elf.dir/Drivers/STM32H7xx_HAL_Driver/Src/stm32h7xx_hal_tim.c.obj
                                       0x1875 (size before relaxing)
 .debug_str     0x0000000000006f28      0x697 CMakeFiles/lg-h7b0-ltdc.elf.dir/Drivers/STM32H7xx_HAL_Driver/Src/stm32h7xx_hal_tim_ex.c.obj
                                       0x11f6 (size before relaxing)

.comment        0x0000000000000000       0x49
 .comment       0x0000000000000000       0x49 CMakeFiles/lg-h7b0-ltdc.elf.dir/Core/Src/gpio.c.obj
                                         0x4a (size before relaxing)
 .comment       0x0000000000000049       0x4a CMakeFiles/lg-h7b0-ltdc.elf.dir/Core/Src/jpeg.c.obj
 .comment       0x0000000000000049       0x4a CMakeFiles/lg-h7b0-ltdc.elf.dir/Core/Src/lgb-logo-rbgdata.c.obj
 .comment       0x0000000000000049       0x4a CMakeFiles/lg-h7b0-ltdc.elf.dir/Core/Src/ltdc.c.obj
 .comment       0x0000000000000049       0x4a CMakeFiles/lg-h7b0-ltdc.elf.dir/Core/Src/main.c.obj
 .comment       0x0000000000000049       0x4a CMakeFiles/lg-h7b0-ltdc.elf.dir/Core/Src/spi.c.obj
 .comment       0x0000000000000049       0x4a CMakeFiles/lg-h7b0-ltdc.elf.dir/Core/Src/stm32h7xx_hal_msp.c.obj
 .comment       0x0000000000000049       0x4a CMakeFiles/lg-h7b0-ltdc.elf.dir/Core/Src/stm32h7xx_it.c.obj
 .comment       0x0000000000000049       0x4a CMakeFiles/lg-h7b0-ltdc.elf.dir/Core/Src/system_stm32h7xx.c.obj
 .comment       0x0000000000000049       0x4a CMakeFiles/lg-h7b0-ltdc.elf.dir/Core/Src/tim.c.obj
 .comment       0x0000000000000049       0x4a CMakeFiles/lg-h7b0-ltdc.elf.dir/Drivers/STM32H7xx_HAL_Driver/Src/stm32h7xx_hal.c.obj
 .comment       0x0000000000000049       0x4a CMakeFiles/lg-h7b0-ltdc.elf.dir/Drivers/STM32H7xx_HAL_Driver/Src/stm32h7xx_hal_cortex.c.obj
 .comment       0x0000000000000049       0x4a CMakeFiles/lg-h7b0-ltdc.elf.dir/Drivers/STM32H7xx_HAL_Driver/Src/stm32h7xx_hal_gpio.c.obj
 .comment       0x0000000000000049       0x4a CMakeFiles/lg-h7b0-ltdc.elf.dir/Drivers/STM32H7xx_HAL_Driver/Src/stm32h7xx_hal_jpeg.c.obj
 .comment       0x0000000000000049       0x4a CMakeFiles/lg-h7b0-ltdc.elf.dir/Drivers/STM32H7xx_HAL_Driver/Src/stm32h7xx_hal_ltdc.c.obj
 .comment       0x0000000000000049       0x4a CMakeFiles/lg-h7b0-ltdc.elf.dir/Drivers/STM32H7xx_HAL_Driver/Src/stm32h7xx_hal_mdma.c.obj
 .comment       0x0000000000000049       0x4a CMakeFiles/lg-h7b0-ltdc.elf.dir/Drivers/STM32H7xx_HAL_Driver/Src/stm32h7xx_hal_pwr_ex.c.obj
 .comment       0x0000000000000049       0x4a CMakeFiles/lg-h7b0-ltdc.elf.dir/Drivers/STM32H7xx_HAL_Driver/Src/stm32h7xx_hal_rcc.c.obj
 .comment       0x0000000000000049       0x4a CMakeFiles/lg-h7b0-ltdc.elf.dir/Drivers/STM32H7xx_HAL_Driver/Src/stm32h7xx_hal_rcc_ex.c.obj
 .comment       0x0000000000000049       0x4a CMakeFiles/lg-h7b0-ltdc.elf.dir/Drivers/STM32H7xx_HAL_Driver/Src/stm32h7xx_hal_spi.c.obj
 .comment       0x0000000000000049       0x4a CMakeFiles/lg-h7b0-ltdc.elf.dir/Drivers/STM32H7xx_HAL_Driver/Src/stm32h7xx_hal_tim.c.obj
 .comment       0x0000000000000049       0x4a CMakeFiles/lg-h7b0-ltdc.elf.dir/Drivers/STM32H7xx_HAL_Driver/Src/stm32h7xx_hal_tim_ex.c.obj

.debug_frame    0x0000000000000000     0x37cc
 .debug_frame   0x0000000000000000       0x34 CMakeFiles/lg-h7b0-ltdc.elf.dir/Core/Src/gpio.c.obj
 .debug_frame   0x0000000000000034       0x5c CMakeFiles/lg-h7b0-ltdc.elf.dir/Core/Src/jpeg.c.obj
 .debug_frame   0x0000000000000090       0x78 CMakeFiles/lg-h7b0-ltdc.elf.dir/Core/Src/ltdc.c.obj
 .debug_frame   0x0000000000000108      0x268 CMakeFiles/lg-h7b0-ltdc.elf.dir/Core/Src/main.c.obj
 .debug_frame   0x0000000000000370       0x64 CMakeFiles/lg-h7b0-ltdc.elf.dir/Core/Src/spi.c.obj
 .debug_frame   0x00000000000003d4       0x28 CMakeFiles/lg-h7b0-ltdc.elf.dir/Core/Src/stm32h7xx_hal_msp.c.obj
 .debug_frame   0x00000000000003fc      0x108 CMakeFiles/lg-h7b0-ltdc.elf.dir/Core/Src/stm32h7xx_it.c.obj
 .debug_frame   0x0000000000000504       0x40 CMakeFiles/lg-h7b0-ltdc.elf.dir/Core/Src/system_stm32h7xx.c.obj
 .debug_frame   0x0000000000000544       0x64 CMakeFiles/lg-h7b0-ltdc.elf.dir/Core/Src/tim.c.obj
 .debug_frame   0x00000000000005a8      0x370 CMakeFiles/lg-h7b0-ltdc.elf.dir/Drivers/STM32H7xx_HAL_Driver/Src/stm32h7xx_hal.c.obj
 .debug_frame   0x0000000000000918      0x158 CMakeFiles/lg-h7b0-ltdc.elf.dir/Drivers/STM32H7xx_HAL_Driver/Src/stm32h7xx_hal_cortex.c.obj
 .debug_frame   0x0000000000000a70       0xd0 CMakeFiles/lg-h7b0-ltdc.elf.dir/Drivers/STM32H7xx_HAL_Driver/Src/stm32h7xx_hal_gpio.c.obj
 .debug_frame   0x0000000000000b40      0x5a0 CMakeFiles/lg-h7b0-ltdc.elf.dir/Drivers/STM32H7xx_HAL_Driver/Src/stm32h7xx_hal_jpeg.c.obj
 .debug_frame   0x00000000000010e0      0x3bc CMakeFiles/lg-h7b0-ltdc.elf.dir/Drivers/STM32H7xx_HAL_Driver/Src/stm32h7xx_hal_ltdc.c.obj
 .debug_frame   0x000000000000149c      0x264 CMakeFiles/lg-h7b0-ltdc.elf.dir/Drivers/STM32H7xx_HAL_Driver/Src/stm32h7xx_hal_mdma.c.obj
 .debug_frame   0x0000000000001700      0x354 CMakeFiles/lg-h7b0-ltdc.elf.dir/Drivers/STM32H7xx_HAL_Driver/Src/stm32h7xx_hal_pwr_ex.c.obj
 .debug_frame   0x0000000000001a54      0x180 CMakeFiles/lg-h7b0-ltdc.elf.dir/Drivers/STM32H7xx_HAL_Driver/Src/stm32h7xx_hal_rcc.c.obj
 .debug_frame   0x0000000000001bd4      0x274 CMakeFiles/lg-h7b0-ltdc.elf.dir/Drivers/STM32H7xx_HAL_Driver/Src/stm32h7xx_hal_rcc_ex.c.obj
 .debug_frame   0x0000000000001e48      0x4ac CMakeFiles/lg-h7b0-ltdc.elf.dir/Drivers/STM32H7xx_HAL_Driver/Src/stm32h7xx_hal_spi.c.obj
 .debug_frame   0x00000000000022f4      0xb64 CMakeFiles/lg-h7b0-ltdc.elf.dir/Drivers/STM32H7xx_HAL_Driver/Src/stm32h7xx_hal_tim.c.obj
 .debug_frame   0x0000000000002e58      0x4b0 CMakeFiles/lg-h7b0-ltdc.elf.dir/Drivers/STM32H7xx_HAL_Driver/Src/stm32h7xx_hal_tim_ex.c.obj
 .debug_frame   0x0000000000003308       0xac /usr/local/Cellar/arm-none-eabi-gcc/10.3-2021.07/gcc/bin/../lib/gcc/arm-none-eabi/10.3.1/thumb/v7e-m/nofp/libgcc.a(_arm_addsubdf3.o)
 .debug_frame   0x00000000000033b4       0x50 /usr/local/Cellar/arm-none-eabi-gcc/10.3-2021.07/gcc/bin/../lib/gcc/arm-none-eabi/10.3.1/thumb/v7e-m/nofp/libgcc.a(_arm_muldivdf3.o)
 .debug_frame   0x0000000000003404       0x24 /usr/local/Cellar/arm-none-eabi-gcc/10.3-2021.07/gcc/bin/../lib/gcc/arm-none-eabi/10.3.1/thumb/v7e-m/nofp/libgcc.a(_arm_fixdfsi.o)
 .debug_frame   0x0000000000003428       0x24 /usr/local/Cellar/arm-none-eabi-gcc/10.3-2021.07/gcc/bin/../lib/gcc/arm-none-eabi/10.3.1/thumb/v7e-m/nofp/libgcc.a(_arm_truncdfsf2.o)